✔ manual logs preserve fractional durations, unknown values, naps and the selected date (12112.578709ms)
✔ activity additions merge, repeated operations do not duplicate and competing edits require review (2705.309416ms)
✔ activity deletion cannot be resurrected by a stale edit or replay after restoration (1288.105042ms)
✔ legacy activity records retain stable identities while adopting revision checks (979.177625ms)
✔ sleep additions merge, repeated operations do not duplicate and competing edits require review (1061.456875ms)
✔ sleep deletion cannot be resurrected by a stale edit or replay after restoration (475.668708ms)
✔ legacy sleep records retain stable identities while adopting revision checks (378.663292ms)
✔ resetting a day emits activity and sleep deletion markers and preserves other dates (1111.321916ms)
✔ an administrator reset sends tombstones to the target account and replays without another deletion (1101.556583ms)
✔ signup returns a token and a serialized user (12003.729959ms)
✔ signup rejects a password under 8 characters (2.791542ms)
✔ signup rejects a duplicate email (3.828292ms)
✔ login succeeds and rejects a wrong password identically to a missing user (884.074375ms)
✔ an email in ADMIN_EMAILS is promoted on signup (1933.3505ms)
✔ protected routes reject a missing or malformed token (2.833459ms)
✔ refresh issues a new token for a valid session (1085.268125ms)
✔ change-password requires the current password and then works (2218.852209ms)
✔ repeated failed logins are rate limited (1997.883917ms)
✔ an unexpected server error does not leak internals in production mode (0.285875ms)
✔ security headers are set on every response (1.387125ms)
✔ health reports the driver and a connected database (1.15075ms)
✔ personal barcode overrides win without calling a provider and stay account-scoped (12138.316416ms)
✔ an outage is not cached as a miss; a later successful lookup can recover (356.285375ms)
✔ diary completeness is explicit, versioned, replayable and included in sync and export (12432.192ms)
✔ diary days reject unchecked, invalid and future status changes (627.231209ms)
✔ logging a food remembers it in the library at per-serving values (11964.661666ms)
✔ logging the same food again bumps its use count instead of duplicating it (31.105208ms)
✔ saveToLibrary false keeps a one-off out of the library (22.739125ms)
✔ a custom food can be created, favourited, and found by search (47.501625ms)
✔ library search does not leak another user foods (314.163708ms)
✔ a recipe reports both totals and per-serving macros (28.238417ms)
✔ a recipe needs at least one ingredient (7.645958ms)
✔ a recipe can be logged as a meal through batch (23.951208ms)
✔ a library food can be deleted (35.692166ms)
✔ search rejects a missing query (4.933209ms)
✔ an unknown route returns a clean 404 (8.493917ms)
✔ an oversized body is rejected rather than buffered (2.514084ms)
✔ batch logging also remembers items in the library (2302.003291ms)
✔ batch honours saveToLibrary false (1129.911666ms)
✔ a log with no date lands on the user local day, not the UTC day (12301.64375ms)
✔ a log can be backdated to any past day (398.839125ms)
✔ a log cannot be dated in the future (2054.373875ms)
✔ a malformed date is rejected rather than silently ignored (1132.417208ms)
✔ list endpoints filter by date and by range (1290.149916ms)
✔ a range beyond the cap is rejected instead of scanning everything (355.298666ms)
✔ servings multiply the macros that get stored (454.996292ms)
✔ a food entry can be edited and moved to another day (376.027291ms)
✔ one user cannot read or delete another user entries (659.2135ms)
✔ an unparseable id returns 404 rather than a 500 (834.738125ms)
✔ batch logging writes every item to one day (675.83125ms)
✔ water accepts millilitres and still answers in glasses (493.374459ms)
✔ a goal of zero is stored as zero, not discarded (311.224917ms)
✔ reset-today returns what it deleted so a client can undo (342.788208ms)
✔ meal types are accepted in any case and stored canonically (335.532417ms)
✔ measurements preserve units, revisions and deletion across duplicate replay (12421.977916ms)
✔ measurement validation rejects incompatible units, invalid values and unchecked updates (2344.3365ms)
✔ concurrent food retries create one entry and one personal library record (12359.96075ms)
✔ SQLite isolates unrelated reads and writes from a transaction that rolls back (327.869125ms)
✔ audit regression: completion initializes the selected program and matching diary targets (12091.955875ms)
✔ concurrent completion and lost acknowledgements return one initialized account (462.925959ms)
✔ a storage failure rolls back every setup record and permits a retry (2247.562917ms)
✔ drafts enforce ownership and revision and reject stale completion (2103.572542ms)
✔ new completion rejects minors and requires explicit physiology or manual targets (441.319917ms)
✔ all collected preferences survive completion and a repeat cannot overwrite a program (545.480833ms)
✔ bootstrap repairs legacy target records without replacing a manual program or seeding a fresh measurement (370.560292ms)
✔ legacy repair holds when required facts are missing (326.41475ms)
✔ an early program read cannot replace a legacy goal before account repair (353.009625ms)
✔ preferences preserve setup values and update non-nutrition goals atomically without rewriting accepted targets or weight history (5560.152541ms)
✔ lost response replay preserves one revision and does not undo a later edit (499.150625ms)
✔ competing revisions require review and patches preserve unrelated and unknown saved preferences (397.194958ms)
✔ invalid preference fields and values cannot partially change data or initialize a program (720.807083ms)
✔ legacy profile and settings writes validate values, keep aliases aligned and advance the revision (1008.846333ms)
✔ preference transactions roll back both profile and goals when the second write fails (326.16425ms)
✔ preference reads and operations belong only to the authenticated account (676.419709ms)
✔ legacy goal changes participate in preference conflict detection and retain nutrition targets (364.261333ms)
✔ weight is stored per day and a second reading replaces the first (5420.712667ms)
✔ weight accepts pounds and stores kilograms (347.602916ms)
✔ the trend endpoint smooths the scale and reports a weekly rate (3119.984625ms)
✔ the trend fills gaps rather than dropping days (328.87ms)
✔ a new user gets a maintain program with no targets yet (305.633666ms)
✔ setting a lose goal normalizes the rate sign and applies targets immediately (320.013042ms)
✔ a rate beyond the safe cap is rejected (293.466333ms)
✔ maintain forces the rate to zero (316.158583ms)
✔ check-in with no history falls back to the formula estimate (329.5525ms)
✔ check-in after eight weeks of logs measures the real expenditure (2170.196625ms)
✔ a check-in syncs the goals record so every screen shows the same numbers (336.260375ms)
✔ check-in history records what the numbers were at the time (315.453541ms)
✔ needs_checkin turns off for a week after checking in (322.195958ms)
✔ the summary groups a day by meal and reports what is left (360.390459ms)
✔ the summary can be asked for any past day (297.998292ms)
✔ the range summary averages only the days that were logged (321.07125ms)
✔ export returns the account data and never the password hash (308.239958ms)
✔ an admin cannot remove their own admin access (292.368209ms)
✔ admin routes are closed to normal users (287.593ms)
✔ the admin user list never includes password hashes (279.657333ms)
✔ modern clients get short access tokens and separately hashed rotating refresh credentials (5355.572292ms)
✔ a refresh acknowledgement can be lost and recovered without another rotation (1257.064458ms)
✔ logout revokes access and refresh credentials on the server (903.079333ms)
✔ password changes revoke every device session (1469.671458ms)
✔ device listings and revocation are account-scoped and exclude credentials (901.534417ms)
✔ admin authorization checks current privileges rather than token claims (300.491167ms)
✔ compatibility refresh is bounded per account and read-only session checks create no sessions (1196.166291ms)
✔ food edit revisions, deletion markers and explicit undo survive replay (3917.661416ms)
✔ concurrent offline additions create a contiguous change feed without duplicates (1248.276667ms)
✔ historical diary targets stay fixed when current goals change (2703.32975ms)
✔ dates without a recorded target do not inherit the current plan (355.222ms)
✔ manual target check-in cannot silently replace user selected targets (753.891792ms)
✔ water additions converge across devices, replay once, and reach summary, sync and export (2241.570917ms)
✔ water corrections check revisions and preserve date and nonnegative totals (341.997334ms)
✔ existing unversioned water keeps its record and amount when first synchronized (325.577791ms)
✔ competing manual weigh-ins require review and an old acknowledgement cannot replace the newer reading (1685.067ms)
✔ weight tombstones prevent resurrection, preserve identity on restore and correct the profile and trend (390.656459ms)
✔ imports never replace manual readings and legacy adoption preserves the original identity (363.002125ms)
✔ UPC-A and Apple leading-zero EAN-13 share a GTIN identity (1.070375ms)
✔ UPC-E expands each compression rule before validating its check digit (0.2685ms)
✔ 100 synthetic GTIN fixtures retain leading zeros and detect damaged digits (0.390417ms)
✔ GTIN-14 packaging and arbitrary Code 128 do not become retail UPCs (0.067375ms)
✔ OFF nutrition keeps volume basis, unknown nutrients and sodium units (0.968209ms)
✔ barcode provider misses, outages, throttling and malformed responses stay distinct (21.771584ms)
✔ OFF requests identify the app and use the documented product API (0.772917ms)
✔ an explicit volume serving label stays volume without a density assumption (0.159541ms)
✔ getTodayUTC returns a YYYY-MM-DD string (15.050209ms)
✔ getLast7UTCDates returns 7 ascending days ending today (0.914083ms)
✔ getLast7UTCDates crosses month boundaries correctly (0.092042ms)
✔ weekdayLabel maps dates to UTC weekday labels (0.0695ms)
✔ audit regression: one stale weigh-in plus 28 intake days cannot imply high confidence (1.990375ms)
✔ a snack each day is not a complete intake history (0.26625ms)
✔ sparse but recent measurements cannot reach high confidence (0.189625ms)
✔ trendSeries smooths scale noise toward the real value (1.966625ms)
✔ trendSeries carries the trend across days with no weigh-in (0.0925ms)
✔ trendSeries ignores leading days before the first weigh-in (0.06125ms)
✔ estimateExpenditure recovers a known TDEE from a simulated cut (0.365ms)
✔ estimateExpenditure recovers a known TDEE from a simulated bulk (0.19675ms)
✔ estimateExpenditure falls back to the formula below the minimum window (0.15475ms)
✔ estimateExpenditure refuses to guess when food logging is patchy (0.151083ms)
✔ estimateExpenditure clamps an absurd result to the formula range (0.145458ms)
✔ mifflinStJeor matches the published formula (0.096875ms)
✔ formulaExpenditure applies the activity multiplier (0.12325ms)
✔ computeTargets puts a cut below expenditure and macros add up (0.15275ms)
✔ computeTargets raises protein on a deficit (0.05925ms)
✔ computeTargets respects the absolute calorie floor (0.112458ms)
✔ computeTargets caps a bulk surplus at 700 kcal (0.048542ms)
✔ computeTargets keeps keto carbs low and macros consistent (0.049667ms)
✔ computeTargets uses lean mass for protein when body fat is known (0.052417ms)
ℹ tests 144
ℹ suites 0
ℹ pass 144
ℹ fail 0
ℹ cancelled 0
ℹ skipped 0
ℹ todo 0
ℹ duration_ms 29407.905667
