
> backend@1.0.0 test
> cross-env DB_MODE=local node --test tests/*.test.js

✔ manual logs preserve fractional durations, unknown values, naps and the selected date (571.019125ms)
✔ activity additions merge, repeated operations do not duplicate and competing edits require review (735.859542ms)
✔ activity deletion cannot be resurrected by a stale edit or replay after restoration (368.754459ms)
✔ legacy activity records retain stable identities while adopting revision checks (324.403125ms)
✔ sleep additions merge, repeated operations do not duplicate and competing edits require review (671.858417ms)
✔ sleep deletion cannot be resurrected by a stale edit or replay after restoration (326.760542ms)
✔ legacy sleep records retain stable identities while adopting revision checks (298.694417ms)
✔ resetting a day emits activity and sleep deletion markers and preserves other dates (326.421458ms)
✔ an administrator reset sends tombstones to the target account and replays without another deletion (589.741333ms)
✔ signup returns a token and a serialized user (453.558167ms)
✔ signup rejects a password under 8 characters (10.023833ms)
✔ signup rejects a duplicate email (15.828125ms)
✔ login succeeds and rejects a wrong password identically to a missing user (1076.714291ms)
✔ an email in ADMIN_EMAILS is promoted on signup (297.954667ms)
✔ protected routes reject a missing or malformed token (3.015833ms)
✔ refresh issues a new token for a valid session (353.539125ms)
✔ change-password requires the current password and then works (1463.597417ms)
✔ repeated failed logins are rate limited (1975.569917ms)
✔ an unexpected server error does not leak internals in production mode (0.314375ms)
✔ security headers are set on every response (0.805ms)
✔ health reports the driver and a connected database (0.554792ms)
✔ personal barcode overrides win without calling a provider and stay account-scoped (1002.808917ms)
✔ an outage is not cached as a miss; a later successful lookup can recover (337.211958ms)
✔ diary completeness is explicit, versioned, replayable and included in sync and export (1003.539583ms)
✔ diary days reject unchecked, invalid and future status changes (318.536459ms)
✔ logging a food remembers it in the library at per-serving values (540.999209ms)
✔ logging the same food again bumps its use count instead of duplicating it (16.1565ms)
✔ saveToLibrary false keeps a one-off out of the library (9.762542ms)
✔ a custom food can be created, favourited, and found by search (13.786542ms)
✔ library search does not leak another user foods (358.450959ms)
✔ a recipe reports both totals and per-serving macros (5.615625ms)
✔ a recipe needs at least one ingredient (5.809584ms)
✔ a recipe can be logged as a meal through batch (8.847958ms)
✔ a library food can be deleted (5.557708ms)
✔ search rejects a missing query (1.593209ms)
✔ an unknown route returns a clean 404 (3.28325ms)
✔ an oversized body is rejected rather than buffered (2.054083ms)
✔ batch logging also remembers items in the library (322.114792ms)
✔ batch honours saveToLibrary false (299.780833ms)
✔ a log with no date lands on the user local day, not the UTC day (996.729958ms)
✔ a log can be backdated to any past day (317.538084ms)
✔ a log cannot be dated in the future (312.627709ms)
✔ a malformed date is rejected rather than silently ignored (314.279416ms)
✔ list endpoints filter by date and by range (336.618833ms)
✔ a range beyond the cap is rejected instead of scanning everything (288.171208ms)
✔ servings multiply the macros that get stored (300.681375ms)
✔ a food entry can be edited and moved to another day (300.504209ms)
✔ one user cannot read or delete another user entries (607.284834ms)
✔ an unparseable id returns 404 rather than a 500 (292.788791ms)
✔ batch logging writes every item to one day (286.321334ms)
✔ water accepts millilitres and still answers in glasses (287.624125ms)
✔ a goal of zero is stored as zero, not discarded (284.358541ms)
✔ reset-today returns what it deleted so a client can undo (290.187584ms)
✔ meal types are accepted in any case and stored canonically (290.873625ms)
✔ measurements preserve units, revisions and deletion across duplicate replay (1051.931875ms)
✔ measurement validation rejects incompatible units, invalid values and unchecked updates (320.304917ms)
✔ concurrent food retries create one entry and one personal library record (989.426417ms)
✔ SQLite isolates unrelated reads and writes from a transaction that rolls back (299.278084ms)
✔ audit regression: completion initializes the selected program and matching diary targets (616.179583ms)
✔ concurrent completion and lost acknowledgements return one initialized account (436.770042ms)
✔ a storage failure rolls back every setup record and permits a retry (322.859792ms)
✔ drafts enforce ownership and revision and reject stale completion (595.089167ms)
✔ new completion rejects minors and requires explicit physiology or manual targets (297.732709ms)
✔ all collected preferences survive completion and a repeat cannot overwrite a program (307.157917ms)
✔ bootstrap repairs legacy target records without replacing a manual program or seeding a fresh measurement (296.312833ms)
✔ legacy repair holds when required facts are missing (289.799542ms)
✔ an early program read cannot replace a legacy goal before account repair (311.069708ms)
✔ preferences preserve setup values and update non-nutrition goals atomically without rewriting accepted targets or weight history (498.038917ms)
✔ lost response replay preserves one revision and does not undo a later edit (332.227458ms)
✔ competing revisions require review and patches preserve unrelated and unknown saved preferences (315.805792ms)
✔ invalid preference fields and values cannot partially change data or initialize a program (361.529583ms)
✔ legacy profile and settings writes validate values, keep aliases aligned and advance the revision (338.095833ms)
✔ preference transactions roll back both profile and goals when the second write fails (329.506208ms)
✔ preference reads and operations belong only to the authenticated account (605.69525ms)
✔ legacy goal changes participate in preference conflict detection and retain nutrition targets (295.177959ms)
✔ weight is stored per day and a second reading replaces the first (471.367ms)
✔ weight accepts pounds and stores kilograms (299.287375ms)
✔ the trend endpoint smooths the scale and reports a weekly rate (863.752875ms)
✔ the trend fills gaps rather than dropping days (359.46375ms)
✔ a new user gets a maintain program with no targets yet (300.250209ms)
✔ setting a lose goal normalizes the rate sign and applies targets immediately (297.868458ms)
✔ a rate beyond the safe cap is rejected (285.43725ms)
✔ maintain forces the rate to zero (286.322875ms)
✔ check-in with no history falls back to the formula estimate (287.1595ms)
✔ check-in after eight weeks of logs measures the real expenditure (554.683209ms)
✔ a check-in syncs the goals record so every screen shows the same numbers (286.570083ms)
✔ check-in history records what the numbers were at the time (280.442958ms)
✔ needs_checkin turns off for a week after checking in (282.201542ms)
✔ the summary groups a day by meal and reports what is left (289.790125ms)
✔ the summary can be asked for any past day (273.266625ms)
✔ the range summary averages only the days that were logged (273.840583ms)
✔ export returns the account data and never the password hash (272.786208ms)
✔ an admin cannot remove their own admin access (268.461708ms)
✔ admin routes are closed to normal users (270.091125ms)
✔ the admin user list never includes password hashes (269.472208ms)
✔ modern clients get short access tokens and separately hashed rotating refresh credentials (712.64ms)
✔ a refresh acknowledgement can be lost and recovered without another rotation (670.657084ms)
✔ logout revokes access and refresh credentials on the server (589.553209ms)
✔ password changes revoke every device session (1416.724209ms)
✔ device listings and revocation are account-scoped and exclude credentials (849.873667ms)
✔ admin authorization checks current privileges rather than token claims (278.442417ms)
✔ compatibility refresh is bounded per account and read-only session checks create no sessions (627.707375ms)
✔ food edit revisions, deletion markers and explicit undo survive replay (803.532208ms)
✔ concurrent offline additions create a contiguous change feed without duplicates (382.077375ms)
✔ historical diary targets stay fixed when current goals change (794.59775ms)
✔ dates without a recorded target do not inherit the current plan (296.684209ms)
✔ manual target check-in cannot silently replace user selected targets (317.238458ms)
✔ water additions converge across devices, replay once, and reach summary, sync and export (803.09725ms)
✔ water corrections check revisions and preserve date and nonnegative totals (327.951792ms)
✔ existing unversioned water keeps its record and amount when first synchronized (285.434583ms)
✔ competing manual weigh-ins require review and an old acknowledgement cannot replace the newer reading (811.676875ms)
✔ weight tombstones prevent resurrection, preserve identity on restore and correct the profile and trend (300.516208ms)
✔ imports never replace manual readings and legacy adoption preserves the original identity (294.072583ms)
✔ UPC-A and Apple leading-zero EAN-13 share a GTIN identity (0.966334ms)
✔ UPC-E expands each compression rule before validating its check digit (0.269917ms)
✔ 100 synthetic GTIN fixtures retain leading zeros and detect damaged digits (0.564458ms)
✔ GTIN-14 packaging and arbitrary Code 128 do not become retail UPCs (0.0725ms)
✔ OFF nutrition keeps volume basis, unknown nutrients and sodium units (1.465541ms)
✔ barcode provider misses, outages, throttling and malformed responses stay distinct (30.420917ms)
✔ OFF requests identify the app and use the documented product API (0.550458ms)
✔ an explicit volume serving label stays volume without a density assumption (0.134667ms)
✔ getTodayUTC returns a YYYY-MM-DD string (16.26275ms)
✔ getLast7UTCDates returns 7 ascending days ending today (0.876ms)
✔ getLast7UTCDates crosses month boundaries correctly (0.089125ms)
✔ weekdayLabel maps dates to UTC weekday labels (0.063417ms)
✔ audit regression: one stale weigh-in plus 28 intake days cannot imply high confidence (7.929667ms)
✔ a snack each day is not a complete intake history (0.290458ms)
✔ sparse but recent measurements cannot reach high confidence (0.194041ms)
✔ trendSeries smooths scale noise toward the real value (2.497292ms)
✔ trendSeries carries the trend across days with no weigh-in (0.079084ms)
✔ trendSeries ignores leading days before the first weigh-in (0.059875ms)
✔ estimateExpenditure recovers a known TDEE from a simulated cut (0.36225ms)
✔ estimateExpenditure recovers a known TDEE from a simulated bulk (0.84725ms)
✔ estimateExpenditure falls back to the formula below the minimum window (0.152583ms)
✔ estimateExpenditure refuses to guess when food logging is patchy (0.150417ms)
✔ estimateExpenditure clamps an absurd result to the formula range (0.142583ms)
✔ mifflinStJeor matches the published formula (0.085458ms)
✔ formulaExpenditure applies the activity multiplier (0.126041ms)
✔ computeTargets puts a cut below expenditure and macros add up (0.158708ms)
✔ computeTargets raises protein on a deficit (0.060583ms)
✔ computeTargets respects the absolute calorie floor (0.04625ms)
✔ computeTargets caps a bulk surplus at 700 kcal (0.040708ms)
✔ computeTargets keeps keto carbs low and macros consistent (0.046083ms)
✔ computeTargets uses lean mass for protein when body fat is known (0.054416ms)
ℹ tests 144
ℹ suites 0
ℹ pass 144
ℹ fail 0
ℹ cancelled 0
ℹ skipped 0
ℹ todo 0
ℹ duration_ms 8451.158625
