
> exerly-fitness@1.0.0 test:mongo
> node scripts/test-mongo.cjs

✔ manual logs preserve fractional durations, unknown values, naps and the selected date (10206.866ms)
✔ activity additions merge, repeated operations do not duplicate and competing edits require review (788.454208ms)
✔ activity deletion cannot be resurrected by a stale edit or replay after restoration (2756.399458ms)
✔ legacy activity records retain stable identities while adopting revision checks (1554.495958ms)
✔ sleep additions merge, repeated operations do not duplicate and competing edits require review (1073.675667ms)
✔ sleep deletion cannot be resurrected by a stale edit or replay after restoration (580.103292ms)
✔ legacy sleep records retain stable identities while adopting revision checks (427.860542ms)
✔ resetting a day emits activity and sleep deletion markers and preserves other dates (501.106791ms)
✔ an administrator reset sends tombstones to the target account and replays without another deletion (1172.495792ms)
✔ signup returns a token and a serialized user (10076.1805ms)
✔ signup rejects a password under 8 characters (2.785833ms)
✔ signup rejects a duplicate email (4.764916ms)
✔ login succeeds and rejects a wrong password identically to a missing user (914.728625ms)
✔ an email in ADMIN_EMAILS is promoted on signup (2479.0305ms)
✔ protected routes reject a missing or malformed token (2.772458ms)
✔ refresh issues a new token for a valid session (1615.756667ms)
✔ change-password requires the current password and then works (1563.24875ms)
✔ repeated failed logins are rate limited (2606.619833ms)
✔ an unexpected server error does not leak internals in production mode (0.504959ms)
✔ security headers are set on every response (3.449667ms)
✔ health reports the driver and a connected database (1.494541ms)
✔ personal barcode overrides win without calling a provider and stay account-scoped (10504.988042ms)
✔ an outage is not cached as a miss; a later successful lookup can recover (367.818792ms)
✔ diary completeness is explicit, versioned, replayable and included in sync and export (10737.391166ms)
✔ diary days reject unchecked, invalid and future status changes (378.605875ms)
✔ fractional portions retain their original nutrition snapshot through editing, recents and export (10187.995459ms)
✔ a revisioned food entry rejects unversioned edits and lists deletion markers by day with pagination (461.586542ms)
✔ entered mass and volume quantities agree with the stored nutrition basis and reject mismatches (449.285625ms)
✔ food totals use the same positive half-up rounding as native pending entries (2478.841125ms)
✔ logging a food remembers it in the library at per-serving values (9994.740417ms)
✔ logging the same food again bumps its use count instead of duplicating it (33.839708ms)
✔ saveToLibrary false keeps a one-off out of the library (37.06575ms)
✔ a custom food can be created, favourited, and found by search (50.392084ms)
✔ library search does not leak another user foods (350.287125ms)
✔ a recipe reports both totals and per-serving macros (14.7015ms)
✔ a recipe needs at least one ingredient (6.027917ms)
✔ a recipe can be logged as a meal through batch (35.104333ms)
✔ a library food can be deleted (21.655083ms)
✔ search rejects a missing query (5.505375ms)
✔ an unknown route returns a clean 404 (2.734792ms)
✔ an oversized body is rejected rather than buffered (2.353ms)
✔ batch logging also remembers items in the library (345.975792ms)
✔ batch honours saveToLibrary false (2585.605917ms)
✔ a log with no date lands on the user local day, not the UTC day (10512.329625ms)
✔ a log can be backdated to any past day (389.271459ms)
✔ a log cannot be dated in the future (329.789292ms)
✔ a malformed date is rejected rather than silently ignored (2446.70925ms)
✔ list endpoints filter by date and by range (1835.479875ms)
✔ a range beyond the cap is rejected instead of scanning everything (378.823041ms)
✔ servings multiply the macros that get stored (446.54125ms)
✔ a food entry can be edited and moved to another day (468.184208ms)
✔ one user cannot read or delete another user entries (802.167833ms)
✔ an unparseable id returns 404 rather than a 500 (395.678667ms)
✔ batch logging writes every item to one day (504.137042ms)
✔ water accepts millilitres and still answers in glasses (761.81825ms)
✔ a goal of zero is stored as zero, not discarded (1554.764375ms)
✔ reset-today returns what it deleted so a client can undo (509.63275ms)
✔ meal types are accepted in any case and stored canonically (390.556708ms)
✔ measurements preserve units, revisions and deletion across duplicate replay (10533.879ms)
✔ measurement validation rejects incompatible units, invalid values and unchecked updates (447.470083ms)
✔ concurrent food retries create one entry and one personal library record (10512.806708ms)
✔ SQLite isolates unrelated reads and writes from a transaction that rolls back (331.829708ms)
✔ audit regression: completion initializes the selected program and matching diary targets (6620.980916ms)
✔ concurrent completion and lost acknowledgements return one initialized account (591.880041ms)
✔ a storage failure rolls back every setup record and permits a retry (676.2735ms)
✔ drafts enforce ownership and revision and reject stale completion (2062.47425ms)
✔ new completion rejects minors and requires explicit physiology or manual targets (394.625917ms)
✔ all collected preferences survive completion and a repeat cannot overwrite a program (424.405667ms)
✔ bootstrap repairs legacy target records without replacing a manual program or seeding a fresh measurement (339.648333ms)
✔ legacy repair holds when required facts are missing (333.986209ms)
✔ an early program read cannot replace a legacy goal before account repair (337.371ms)
✔ preferences preserve setup values and update non-nutrition goals atomically without rewriting accepted targets or weight history (6271.191459ms)
✔ lost response replay preserves one revision and does not undo a later edit (512.593125ms)
✔ competing revisions require review and patches preserve unrelated and unknown saved preferences (509.978333ms)
✔ invalid preference fields and values cannot partially change data or initialize a program (1847.081084ms)
✔ legacy profile and settings writes validate values, keep aliases aligned and advance the revision (579.133834ms)
✔ preference transactions roll back both profile and goals when the second write fails (436.692917ms)
✔ preference reads and operations belong only to the authenticated account (709.495292ms)
✔ legacy goal changes participate in preference conflict detection and retain nutrition targets (430.347208ms)
✔ weight is stored per day and a second reading replaces the first (6387.0205ms)
✔ weight accepts pounds and stores kilograms (471.130333ms)
✔ the trend endpoint smooths the scale and reports a weekly rate (4235.732958ms)
✔ the trend fills gaps rather than dropping days (360.857625ms)
✔ a new user gets a maintain program with no targets yet (311.805458ms)
✔ setting a lose goal normalizes the rate sign and applies targets immediately (316.889583ms)
✔ a rate beyond the safe cap is rejected (296.264958ms)
✔ maintain forces the rate to zero (324.251792ms)
✔ check-in with no history falls back to the formula estimate (335.126583ms)
✔ check-in after eight weeks of logs measures the real expenditure (2503.325458ms)
✔ a check-in syncs the goals record so every screen shows the same numbers (349.883166ms)
✔ check-in history records what the numbers were at the time (326.844ms)
✔ needs_checkin turns off for a week after checking in (337.525583ms)
✔ the summary groups a day by meal and reports what is left (384.446375ms)
✔ the summary can be asked for any past day (308.923083ms)
✔ the range summary averages only the days that were logged (338.03425ms)
✔ export returns the account data and never the password hash (361.459875ms)
✔ an admin cannot remove their own admin access (288.614542ms)
✔ admin routes are closed to normal users (284.654583ms)
✔ the admin user list never includes password hashes (288.593292ms)
✔ modern clients get short access tokens and separately hashed rotating refresh credentials (6608.617416ms)
✔ a refresh acknowledgement can be lost and recovered without another rotation (1173.422459ms)
✔ logout revokes access and refresh credentials on the server (1888.196875ms)
✔ password changes revoke every device session (1576.236ms)
✔ a late session from before a password change cannot renew against newer credentials (1489.28675ms)
✔ compatibility refresh rechecks credentials after request authentication (303.391459ms)
✔ device listings and revocation are account-scoped and exclude credentials (903.03825ms)
✔ admin authorization checks current privileges rather than token claims (302.476875ms)
✔ compatibility refresh is bounded per account and read-only session checks create no sessions (1349.558875ms)
✔ email-only legacy credentials upgrade once under concurrent replay without storing usable credentials (615.554458ms)
✔ a saved compatibility upgrade cannot revive a revoked session (318.564708ms)
✔ an acknowledgement from the previous server recovers its original session and removes stored credentials (611.139834ms)
✔ food edit revisions, deletion markers and explicit undo survive replay (4441.067ms)
✔ concurrent offline additions create a contiguous change feed without duplicates (919.599333ms)
✔ historical diary targets stay fixed when current goals change (4323.901958ms)
✔ dates without a recorded target do not inherit the current plan (588.88575ms)
✔ manual target check-in cannot silently replace user selected targets (616.068292ms)
✔ water additions converge across devices, replay once, and reach summary, sync and export (2970.250416ms)
✔ water corrections check revisions and preserve date and nonnegative totals (379.757625ms)
✔ existing unversioned water keeps its record and amount when first synchronized (324.439458ms)
✔ competing manual weigh-ins require review and an old acknowledgement cannot replace the newer reading (2727.765334ms)
✔ weight tombstones prevent resurrection, preserve identity on restore and correct the profile and trend (455.569416ms)
✔ imports never replace manual readings and legacy adoption preserves the original identity (380.983792ms)
✔ UPC-A and Apple leading-zero EAN-13 share a GTIN identity (1.011083ms)
✔ UPC-E expands each compression rule before validating its check digit (0.268125ms)
✔ 100 synthetic GTIN fixtures retain leading zeros and detect damaged digits (0.404166ms)
✔ GTIN-14 packaging and arbitrary Code 128 do not become retail UPCs (0.069917ms)
✔ OFF nutrition keeps volume basis, unknown nutrients and sodium units (1.193958ms)
✔ barcode provider misses, outages, throttling and malformed responses stay distinct (22.690208ms)
✔ OFF requests identify the app and use the documented product API (0.917ms)
✔ an explicit volume serving label stays volume without a density assumption (0.176ms)
✔ getTodayUTC returns a YYYY-MM-DD string (16.864417ms)
✔ getLast7UTCDates returns 7 ascending days ending today (0.936709ms)
✔ getLast7UTCDates crosses month boundaries correctly (0.099166ms)
✔ weekdayLabel maps dates to UTC weekday labels (0.069208ms)
✔ audit regression: one stale weigh-in plus 28 intake days cannot imply high confidence (2.320875ms)
✔ a snack each day is not a complete intake history (0.294084ms)
✔ sparse but recent measurements cannot reach high confidence (0.192583ms)
✔ trendSeries smooths scale noise toward the real value (2.344875ms)
✔ trendSeries carries the trend across days with no weigh-in (0.172667ms)
✔ trendSeries ignores leading days before the first weigh-in (0.084209ms)
✔ estimateExpenditure recovers a known TDEE from a simulated cut (0.391708ms)
✔ estimateExpenditure recovers a known TDEE from a simulated bulk (0.746417ms)
✔ estimateExpenditure falls back to the formula below the minimum window (0.25275ms)
✔ estimateExpenditure refuses to guess when food logging is patchy (0.171833ms)
✔ estimateExpenditure clamps an absurd result to the formula range (0.153458ms)
✔ mifflinStJeor matches the published formula (0.082834ms)
✔ formulaExpenditure applies the activity multiplier (0.123167ms)
✔ computeTargets puts a cut below expenditure and macros add up (0.157583ms)
✔ computeTargets raises protein on a deficit (0.05825ms)
✔ computeTargets respects the absolute calorie floor (0.048ms)
✔ computeTargets caps a bulk surplus at 700 kcal (0.041375ms)
✔ computeTargets keeps keto carbs low and macros consistent (0.049708ms)
✔ computeTargets uses lean mass for protein when body fat is known (0.052708ms)
ℹ tests 153
ℹ suites 0
ℹ pass 153
ℹ fail 0
ℹ cancelled 0
ℹ skipped 0
ℹ todo 0
ℹ duration_ms 30909.094209
