
> backend@1.0.0 test
> cross-env DB_MODE=local node --test tests/*.test.js

✔ manual logs preserve fractional durations, unknown values, naps and the selected date (681.345291ms)
✔ activity additions merge, repeated operations do not duplicate and competing edits require review (992.36975ms)
✔ activity deletion cannot be resurrected by a stale edit or replay after restoration (633.506041ms)
✔ legacy activity records retain stable identities while adopting revision checks (540.970416ms)
✔ sleep additions merge, repeated operations do not duplicate and competing edits require review (651.999917ms)
✔ sleep deletion cannot be resurrected by a stale edit or replay after restoration (379.944792ms)
✔ legacy sleep records retain stable identities while adopting revision checks (326.603333ms)
✔ resetting a day emits activity and sleep deletion markers and preserves other dates (408.947416ms)
✔ an administrator reset sends tombstones to the target account and replays without another deletion (630.862375ms)
✔ signup returns a token and a serialized user (487.169375ms)
✔ signup rejects a password under 8 characters (2.633417ms)
✔ signup rejects a duplicate email (29.86425ms)
✔ login succeeds and rejects a wrong password identically to a missing user (1093.216292ms)
✔ an email in ADMIN_EMAILS is promoted on signup (311.579541ms)
✔ protected routes reject a missing or malformed token (4.812375ms)
✔ refresh issues a new token for a valid session (436.643333ms)
✔ change-password requires the current password and then works (1827.951625ms)
✔ repeated failed logins are rate limited (2062.877167ms)
✔ an unexpected server error does not leak internals in production mode (0.264875ms)
✔ security headers are set on every response (2.7845ms)
✔ health reports the driver and a connected database (0.7705ms)
✔ personal barcode overrides win without calling a provider and stay account-scoped (1133.0445ms)
✔ an outage is not cached as a miss; a later successful lookup can recover (379.425ms)
✔ diary completeness is explicit, versioned, replayable and included in sync and export (1109.152792ms)
✔ diary days reject unchecked, invalid and future status changes (370.955458ms)
✔ fractional portions retain their original nutrition snapshot through editing, recents and export (690.890916ms)
✔ a revisioned food entry rejects unversioned edits and lists deletion markers by day with pagination (535.386125ms)
✔ entered mass and volume quantities agree with the stored nutrition basis and reject mismatches (364.386166ms)
✔ food totals use the same positive half-up rounding as native pending entries (482.803541ms)
✔ logging a food remembers it in the library at per-serving values (606.35375ms)
✔ logging the same food again bumps its use count instead of duplicating it (17.469458ms)
✔ saveToLibrary false keeps a one-off out of the library (15.428959ms)
✔ a custom food can be created, favourited, and found by search (21.248042ms)
✔ library search does not leak another user foods (361.796958ms)
✔ a recipe reports both totals and per-serving macros (5.536042ms)
✔ a recipe needs at least one ingredient (8.535292ms)
✔ a recipe can be logged as a meal through batch (38.576ms)
✔ a library food can be deleted (40.188ms)
✔ search rejects a missing query (3.53075ms)
✔ an unknown route returns a clean 404 (1.17925ms)
✔ an oversized body is rejected rather than buffered (2.734791ms)
✔ batch logging also remembers items in the library (310.52825ms)
✔ batch honours saveToLibrary false (319.365417ms)
✔ a log with no date lands on the user local day, not the UTC day (893.538792ms)
✔ a log can be backdated to any past day (558.796ms)
✔ a log cannot be dated in the future (316.9925ms)
✔ a malformed date is rejected rather than silently ignored (477.859125ms)
✔ list endpoints filter by date and by range (615.418042ms)
✔ a range beyond the cap is rejected instead of scanning everything (293.387459ms)
✔ servings multiply the macros that get stored (307.052459ms)
✔ a food entry can be edited and moved to another day (295.652916ms)
✔ one user cannot read or delete another user entries (637.923125ms)
✔ an unparseable id returns 404 rather than a 500 (300.260875ms)
✔ batch logging writes every item to one day (317.8855ms)
✔ water accepts millilitres and still answers in glasses (364.769334ms)
✔ a goal of zero is stored as zero, not discarded (291.997ms)
✔ reset-today returns what it deleted so a client can undo (287.652083ms)
✔ meal types are accepted in any case and stored canonically (289.897834ms)
✔ measurements preserve units, revisions and deletion across duplicate replay (1111.0645ms)
✔ measurement validation rejects incompatible units, invalid values and unchecked updates (418.206291ms)
✔ concurrent food retries create one entry and one personal library record (1047.352875ms)
✔ SQLite isolates unrelated reads and writes from a transaction that rolls back (369.261667ms)
✔ audit regression: completion initializes the selected program and matching diary targets (633.353625ms)
✔ concurrent completion and lost acknowledgements return one initialized account (634.57025ms)
✔ a storage failure rolls back every setup record and permits a retry (396.178125ms)
✔ drafts enforce ownership and revision and reject stale completion (651.520667ms)
✔ new completion rejects minors and requires explicit physiology or manual targets (423.263041ms)
✔ all collected preferences survive completion and a repeat cannot overwrite a program (392.644917ms)
✔ bootstrap repairs legacy target records without replacing a manual program or seeding a fresh measurement (350.19225ms)
✔ legacy repair holds when required facts are missing (287.754958ms)
✔ an early program read cannot replace a legacy goal before account repair (291.909625ms)
✔ preferences preserve setup values and update non-nutrition goals atomically without rewriting accepted targets or weight history (787.425458ms)
✔ lost response replay preserves one revision and does not undo a later edit (459.226959ms)
✔ competing revisions require review and patches preserve unrelated and unknown saved preferences (348.304625ms)
✔ invalid preference fields and values cannot partially change data or initialize a program (386.211375ms)
✔ legacy profile and settings writes validate values, keep aliases aligned and advance the revision (373.980125ms)
✔ preference transactions roll back both profile and goals when the second write fails (342.33625ms)
✔ preference reads and operations belong only to the authenticated account (701.370458ms)
✔ legacy goal changes participate in preference conflict detection and retain nutrition targets (337.186291ms)
✔ weight is stored per day and a second reading replaces the first (825.405583ms)
✔ weight accepts pounds and stores kilograms (335.674042ms)
✔ the trend endpoint smooths the scale and reports a weekly rate (925.184042ms)
✔ the trend fills gaps rather than dropping days (355.533209ms)
✔ a new user gets a maintain program with no targets yet (343.065083ms)
✔ setting a lose goal normalizes the rate sign and applies targets immediately (310.973ms)
✔ a rate beyond the safe cap is rejected (317.987667ms)
✔ maintain forces the rate to zero (323.293834ms)
✔ check-in with no history falls back to the formula estimate (291.518791ms)
✔ check-in after eight weeks of logs measures the real expenditure (578.175625ms)
✔ a check-in syncs the goals record so every screen shows the same numbers (282.253167ms)
✔ check-in history records what the numbers were at the time (281.569166ms)
✔ needs_checkin turns off for a week after checking in (282.783708ms)
✔ the summary groups a day by meal and reports what is left (288.76525ms)
✔ the summary can be asked for any past day (279.71625ms)
✔ the range summary averages only the days that were logged (281.747041ms)
✔ export returns the account data and never the password hash (280.05575ms)
✔ an admin cannot remove their own admin access (276.470834ms)
✔ admin routes are closed to normal users (278.3965ms)
✔ the admin user list never includes password hashes (280.141167ms)
✔ modern clients get short access tokens and separately hashed rotating refresh credentials (1149.585209ms)
✔ a refresh acknowledgement can be lost and recovered without another rotation (665.522083ms)
✔ logout revokes access and refresh credentials on the server (601.402708ms)
✔ password changes revoke every device session (1521.649ms)
✔ a late session from before a password change cannot renew against newer credentials (1405.04225ms)
✔ compatibility refresh rechecks credentials after request authentication (277.305625ms)
✔ device listings and revocation are account-scoped and exclude credentials (834.640667ms)
✔ admin authorization checks current privileges rather than token claims (277.96ms)
✔ compatibility refresh is bounded per account and read-only session checks create no sessions (643.920875ms)
✔ email-only legacy credentials upgrade once under concurrent replay without storing usable credentials (554.202458ms)
✔ a saved compatibility upgrade cannot revive a revoked session (277.341167ms)
✔ an acknowledgement from the previous server recovers its original session and removes stored credentials (550.387166ms)
✔ food edit revisions, deletion markers and explicit undo survive replay (1211.373042ms)
✔ concurrent offline additions create a contiguous change feed without duplicates (374.8815ms)
✔ historical diary targets stay fixed when current goals change (989.662292ms)
✔ dates without a recorded target do not inherit the current plan (309.709708ms)
✔ manual target check-in cannot silently replace user selected targets (302.510792ms)
✔ water additions converge across devices, replay once, and reach summary, sync and export (853.378333ms)
✔ water corrections check revisions and preserve date and nonnegative totals (381.625292ms)
✔ existing unversioned water keeps its record and amount when first synchronized (320.401042ms)
✔ competing manual weigh-ins require review and an old acknowledgement cannot replace the newer reading (847.52975ms)
✔ weight tombstones prevent resurrection, preserve identity on restore and correct the profile and trend (385.212708ms)
✔ imports never replace manual readings and legacy adoption preserves the original identity (299.259625ms)
✔ UPC-A and Apple leading-zero EAN-13 share a GTIN identity (1.004959ms)
✔ UPC-E expands each compression rule before validating its check digit (0.281833ms)
✔ 100 synthetic GTIN fixtures retain leading zeros and detect damaged digits (0.447292ms)
✔ GTIN-14 packaging and arbitrary Code 128 do not become retail UPCs (0.076042ms)
✔ OFF nutrition keeps volume basis, unknown nutrients and sodium units (1.349959ms)
✔ barcode provider misses, outages, throttling and malformed responses stay distinct (30.787125ms)
✔ OFF requests identify the app and use the documented product API (0.544625ms)
✔ an explicit volume serving label stays volume without a density assumption (0.137ms)
✔ getTodayUTC returns a YYYY-MM-DD string (18.668667ms)
✔ getLast7UTCDates returns 7 ascending days ending today (0.950708ms)
✔ getLast7UTCDates crosses month boundaries correctly (0.091667ms)
✔ weekdayLabel maps dates to UTC weekday labels (0.06525ms)
✔ audit regression: one stale weigh-in plus 28 intake days cannot imply high confidence (2.17725ms)
✔ a snack each day is not a complete intake history (0.2715ms)
✔ sparse but recent measurements cannot reach high confidence (0.182042ms)
✔ trendSeries smooths scale noise toward the real value (2.125459ms)
✔ trendSeries carries the trend across days with no weigh-in (0.118ms)
✔ trendSeries ignores leading days before the first weigh-in (0.06075ms)
✔ estimateExpenditure recovers a known TDEE from a simulated cut (0.369166ms)
✔ estimateExpenditure recovers a known TDEE from a simulated bulk (0.637666ms)
✔ estimateExpenditure falls back to the formula below the minimum window (0.165333ms)
✔ estimateExpenditure refuses to guess when food logging is patchy (0.155083ms)
✔ estimateExpenditure clamps an absurd result to the formula range (0.145375ms)
✔ mifflinStJeor matches the published formula (0.084333ms)
✔ formulaExpenditure applies the activity multiplier (0.1375ms)
✔ computeTargets puts a cut below expenditure and macros add up (0.15275ms)
✔ computeTargets raises protein on a deficit (0.061708ms)
✔ computeTargets respects the absolute calorie floor (0.048ms)
✔ computeTargets caps a bulk surplus at 700 kcal (0.043625ms)
✔ computeTargets keeps keto carbs low and macros consistent (0.060666ms)
✔ computeTargets uses lean mass for protein when body fat is known (0.059875ms)
ℹ tests 153
ℹ suites 0
ℹ pass 153
ℹ fail 0
ℹ cancelled 0
ℹ skipped 0
ℹ todo 0
ℹ duration_ms 10655.283666
