[WebServer] (node:14174) Warning: The 'NO_COLOR' env is ignored due to the 'FORCE_COLOR' env being set.
[WebServer] (Use `node --trace-warnings ...` to show where the warning was created)

Running 65 tests using 1 worker

(node:14180) Warning: The 'NO_COLOR' env is ignored due to the 'FORCE_COLOR' env being set.
(Use `node --trace-warnings ...` to show where the warning was created)
  ✓   1 apps/web/e2e/account-calendar.spec.ts:26:5 › Account Etc/GMT+12, browser Pacific/Kiritimati › Today and every logging form use the account calendar (6.3s)
  ✓   2 apps/web/e2e/account-calendar.spec.ts:26:5 › Account Pacific/Kiritimati, browser Etc/GMT+12 › Today and every logging form use the account calendar (5.8s)
  ✓   3 apps/web/e2e/account-calendar.spec.ts:78:1 › a timezone change preserves an explicitly selected day and its unsent water operation (4.7s)
  ✓   4 apps/web/e2e/account-calendar.spec.ts:120:1 › an open food flow keeps its calendar day when the account passes midnight (3.2s)
  ✓   5 apps/web/e2e/account-calendar.spec.ts:147:1 › calendar days stay Gregorian across leap days, year changes, DST and skipped local dates (23ms)
  ✓   6 apps/web/e2e/activity-sleep.spec.ts:5:3 › activity drafts, lost responses, conflicts, deletion and date moves preserve one record (3.2s)
  ✓   7 apps/web/e2e/activity-sleep.spec.ts:5:3 › sleep drafts, lost responses, conflicts, deletion and date moves preserve one record (3.5s)
  -   8 apps/web/e2e/activity-sleep.spec.ts:176:1 › native activity and sleep edits return from the browser with the same identities
  ✓   9 apps/web/e2e/diary-status.spec.ts:4:1 › diary status preserves drafts, reviews conflicts and replays a lost acknowledgement once (5.3s)
  ✓  10 apps/web/e2e/food-recovery.spec.ts:56:1 › fractional servings and grams retain exact nutrition through editing and export (4.1s)
  ✓  11 apps/web/e2e/food-recovery.spec.ts:104:1 › a lost create acknowledgement is replayed unchanged before a dependent offline edit (4.5s)
  ✓  12 apps/web/e2e/food-recovery.spec.ts:147:1 › removed foods can be restored offline after their removal has synchronized (5.8s)
  ✓  13 apps/web/e2e/food-recovery.spec.ts:173:1 › a conflicting edit requires a current comparison and can explicitly restore a server deletion (4.4s)
  ✓  14 apps/web/e2e/food-recovery.spec.ts:212:1 › copy yesterday sends one recoverable batch and keeps nutrition snapshots (4.2s)
  ✓  15 apps/web/e2e/food-recovery.spec.ts:258:1 › an unfinished invalid food draft survives reload and stays isolated from another account (7.3s)
  ✓  16 apps/web/e2e/food-recovery.spec.ts:285:1 › a late food acknowledgement stays with its original account after sign-out (7.1s)
  ✓  17 apps/web/e2e/food-recovery.spec.ts:326:1 › two tabs keep independent drafts and review a stale food edit before discarding it (4.0s)
  ✓  18 apps/web/e2e/food-recovery.spec.ts:357:1 › an unreadable food store is preserved and cannot be overwritten by background refresh (3.9s)
  ✓  19 apps/web/e2e/food-recovery.spec.ts:410:1 › a rejected queued food can be corrected without altering or replaying its failed payload (3.3s)
  ✓  20 apps/web/e2e/food-recovery.spec.ts:444:1 › a food moves between dates and meals without losing its identity or exact portion (4.1s)
  ✓  21 apps/web/e2e/legacy-session-upgrade.spec.ts:7:1 › legacy upgrade replays one persisted operation across response loss, two tabs and reload (2.0s)
  ✓  22 apps/web/e2e/legacy-session-upgrade.spec.ts:68:1 › legacy upgrade waits for durable browser storage before sending a request (1.5s)
  ✓  23 apps/web/e2e/log-account-isolation.spec.ts:4:1 › a delayed log acknowledgement stays with its account after signing out (5.6s)
  ✓  24 apps/web/e2e/login-mode.spec.ts:4:1 › switching from signup allows immediate login without an irrelevant name field (2.0s)
  ✓  25 apps/web/e2e/measurements.spec.ts:4:1 › measurements agree across the diary, reviewed conflicts, retries, undo and export (6.0s)
  ✓  26 apps/web/e2e/modern-sessions.spec.ts:15:1 › malformed refresh responses and storage failures retain the original recovery operation (4.0s)
  ✓  27 apps/web/e2e/modern-sessions.spec.ts:60:1 › browser signup creates one rotating session and opens unfinished setup (1.9s)
  ✓  28 apps/web/e2e/modern-sessions.spec.ts:110:1 › another tab signing in and out invalidates an earlier anonymous login response (4.9s)
  ✓  29 apps/web/e2e/modern-sessions.spec.ts:162:1 › offline sign-out reports that server revocation could not be confirmed (2.8s)
  ✓  30 apps/web/e2e/modern-sessions.spec.ts:176:1 › leaving sign-in cannot apply its delayed response (2.0s)
  ✓  31 apps/web/e2e/modern-sessions.spec.ts:211:1 › a rejected password confirmation preserves the valid signed-in session (3.3s)
  ✓  32 apps/web/e2e/modern-sessions.spec.ts:237:1 › two tabs share one refresh operation and keep the same server session (6.0s)
  ✓  33 apps/web/e2e/modern-sessions.spec.ts:301:1 › a lost refresh response survives reload and preserves an unfinished activity draft (3.2s)
  ✓  34 apps/web/e2e/modern-sessions.spec.ts:350:1 › access rejection retries an unchanged write once after refresh (2.9s)
  ✓  35 apps/web/e2e/modern-sessions.spec.ts:382:1 › sign-out revokes the browser session and remote revocation clears every tab (5.4s)
  ✓  36 apps/web/e2e/modern-sessions.spec.ts:428:1 › credentials are isolated by API and a scoped legacy session upgrades once (2.7s)
  ✓  37 apps/web/e2e/offline-startup.spec.ts:15:1 › a saved home summary stays visible offline when its recent log list is empty (2.2s)
  ✓  38 apps/web/e2e/offline-startup.spec.ts:31:1 › a cached diary and pending water addition survive an API outage and browser reload (4.8s)
  ✓  39 apps/web/e2e/offline-startup.spec.ts:69:1 › an expired session opens its saved diary but a confirmed revocation ends offline access (3.9s)
  ✓  40 apps/web/e2e/offline-startup.spec.ts:104:1 › another account cannot open the previous account copy when bootstrap is unavailable (5.3s)
  ✓  41 apps/web/e2e/offline-startup.spec.ts:127:1 › a server outage uses the saved copy but a malformed successful bootstrap remains an error (6.4s)
  ✓  42 apps/web/e2e/offline-startup.spec.ts:161:1 › unavailable browser storage leaves online reads and local pending changes usable (3.8s)
  ✓  43 apps/web/e2e/offline-startup.spec.ts:189:1 › switching dates offline keeps each saved day separate and leaves an uncached day unknown (3.6s)
  ✓  44 apps/web/e2e/offline-startup.spec.ts:224:1 › an unreadable saved diary stays intact and is not displayed as an empty day (3.7s)
  ✓  45 apps/web/e2e/offline-startup.spec.ts:282:1 › returning to the app refreshes an offline copy without changing its pending addition (3.9s)
  ✓  46 apps/web/e2e/offline-startup.spec.ts:310:1 › an accepted timezone change survives an immediate offline reload (3.2s)
  ✓  47 apps/web/e2e/preferences.spec.ts:39:1 › all profile preferences survive browser reload and update only accepted preference fields (7.2s)
  ✓  48 apps/web/e2e/preferences.spec.ts:133:1 › lost preference acknowledgement replays the same operation after reload without undoing a later device edit (2.3s)
  ✓  49 apps/web/e2e/preferences.spec.ts:170:1 › two browser tabs require review and merge only the edited fields (4.7s)
  ✓  50 apps/web/e2e/preferences.spec.ts:209:1 › offline preference drafts retain invalid text and can be corrected and sent after reconnecting (4.2s)
  ✓  51 apps/web/e2e/preferences.spec.ts:239:1 › local storage failure prevents sending and keeps the open preference answers (2.1s)
  ✓  52 apps/web/e2e/preferences.spec.ts:275:1 › an unreadable saved preference draft is kept and blocks replacement writes (2.2s)
  ✓  53 apps/web/e2e/preferences.spec.ts:294:1 › a late preference save cannot change a newly signed-in account and stays recoverable for its owner (6.2s)
  ✓  54 apps/web/e2e/preferences.spec.ts:330:1 › save clicks waiting for a refresh cannot bypass a newly discovered conflict (2.2s)
  ✓  55 apps/web/e2e/sessions.spec.ts:5:1 › a delayed refresh cannot restore a signed-out account or overwrite the next account (5.5s)
  ✓  56 apps/web/e2e/setup.spec.ts:71:1 › signup setup survives each step, converts units without drift and resolves a lost completion acknowledgement (4.0s)
  ✓  57 apps/web/e2e/setup.spec.ts:166:1 › cloud setup keeps optional preferences and requires review before replacing a newer draft (2.6s)
  ✓  58 apps/web/e2e/setup.spec.ts:228:1 › legacy account repair asks for missing activity and preserves preferences without adding a new weigh-in (2.7s)
  ✓  59 apps/web/e2e/setup.spec.ts:256:1 › lost draft acknowledgement replays its original operation before later edits and storage failure keeps open answers (3.3s)
  ✓  60 apps/web/e2e/setup.spec.ts:315:1 › two tabs keep separate local drafts and a reviewed cloud choice survives reload (3.5s)
  ✓  61 apps/web/e2e/setup.spec.ts:367:1 › an immutable completion survives reload before commit and resolves a lost committed response on bootstrap (3.1s)
  ✓  62 apps/web/e2e/setup.spec.ts:403:1 › saved setup stays scoped to its API and account after sign out (4.9s)
  ✓  63 apps/web/e2e/setup.spec.ts:429:1 › a stalled draft write times out and can replay the same committed operation (2.6s)
  ✓  64 apps/web/e2e/water.spec.ts:4:1 › water replays a lost acknowledgement after reload and preserves another device and day (7.8s)
  ✓  65 apps/web/e2e/weight.spec.ts:4:1 › weight edits survive a lost response, review competing readings and delete with restore (6.7s)

  1 skipped
  64 passed (4.4m)
