/Users/aldo/Desktop/Exerly-Fitness/apps/ios/Exerly/Features/BarcodeScanner/BarcodeScannerView.swift:105:68: warning: Statement Position Violation: Else and catch should be on the same line, one space after the previous declaration (statement_position)
/Users/aldo/Desktop/Exerly-Fitness/apps/ios/Exerly/Features/BarcodeScanner/BarcodeScannerView.swift:141:51: warning: Statement Position Violation: Else and catch should be on the same line, one space after the previous declaration (statement_position)
/Users/aldo/Desktop/Exerly-Fitness/apps/ios/Exerly/Features/BarcodeScanner/BarcodeScannerView.swift:257:5: warning: Static Over Final Class Violation: Prefer `static` over `class` in a final class (static_over_final_class)
/Users/aldo/Desktop/Exerly-Fitness/apps/ios/Exerly/Features/Progress/MeasurementsTab.swift:143:87: warning: Multiple Closures with Trailing Closure Violation: Trailing closure syntax should not be used when passing more than one closure argument (multiple_closures_with_trailing_closure)
/Users/aldo/Desktop/Exerly-Fitness/apps/ios/Exerly/Features/Progress/MeasurementsTab.swift:153:115: warning: Multiple Closures with Trailing Closure Violation: Trailing closure syntax should not be used when passing more than one closure argument (multiple_closures_with_trailing_closure)
/Users/aldo/Desktop/Exerly-Fitness/apps/ios/Exerly/Features/Progress/MeasurementsTab.swift:109:117: warning: Statement Position Violation: Else and catch should be on the same line, one space after the previous declaration (statement_position)
/Users/aldo/Desktop/Exerly-Fitness/apps/ios/Exerly/Features/Progress/MeasurementsTab.swift:689:118: warning: Statement Position Violation: Else and catch should be on the same line, one space after the previous declaration (statement_position)
/Users/aldo/Desktop/Exerly-Fitness/apps/ios/Exerly/Features/Progress/MeasurementsTab.swift:726:90: warning: Statement Position Violation: Else and catch should be on the same line, one space after the previous declaration (statement_position)
/Users/aldo/Desktop/Exerly-Fitness/apps/ios/Exerly/Features/Progress/MeasurementsTab.swift:739:60: warning: Statement Position Violation: Else and catch should be on the same line, one space after the previous declaration (statement_position)
/Users/aldo/Desktop/Exerly-Fitness/apps/ios/Exerly/Core/Services/SyncEngine.swift:30:41: warning: Statement Position Violation: Else and catch should be on the same line, one space after the previous declaration (statement_position)
/Users/aldo/Desktop/Exerly-Fitness/apps/ios/Exerly/Core/Services/SyncEngine.swift:31:76: warning: Statement Position Violation: Else and catch should be on the same line, one space after the previous declaration (statement_position)
/Users/aldo/Desktop/Exerly-Fitness/apps/ios/Exerly/Core/Services/SyncEngine.swift:32:80: warning: Statement Position Violation: Else and catch should be on the same line, one space after the previous declaration (statement_position)
/Users/aldo/Desktop/Exerly-Fitness/apps/ios/Exerly/Core/Services/SyncEngine.swift:33:80: warning: Statement Position Violation: Else and catch should be on the same line, one space after the previous declaration (statement_position)
/Users/aldo/Desktop/Exerly-Fitness/apps/ios/Exerly/Core/Services/SyncEngine.swift:34:93: warning: Statement Position Violation: Else and catch should be on the same line, one space after the previous declaration (statement_position)
/Users/aldo/Desktop/Exerly-Fitness/apps/ios/Exerly/Core/Services/SyncEngine.swift:154:78: warning: Statement Position Violation: Else and catch should be on the same line, one space after the previous declaration (statement_position)
/Users/aldo/Desktop/Exerly-Fitness/apps/ios/Exerly/Core/Services/SyncEngine.swift:159:66: warning: Statement Position Violation: Else and catch should be on the same line, one space after the previous declaration (statement_position)
/Users/aldo/Desktop/Exerly-Fitness/apps/ios/Exerly/Core/Services/SyncEngine.swift:160:67: warning: Statement Position Violation: Else and catch should be on the same line, one space after the previous declaration (statement_position)
/Users/aldo/Desktop/Exerly-Fitness/apps/ios/Exerly/Core/Services/SyncEngine.swift:282:124: warning: Statement Position Violation: Else and catch should be on the same line, one space after the previous declaration (statement_position)
/Users/aldo/Desktop/Exerly-Fitness/apps/ios/Exerly/Core/Services/SyncEngine.swift:584:89: warning: Statement Position Violation: Else and catch should be on the same line, one space after the previous declaration (statement_position)
/Users/aldo/Desktop/Exerly-Fitness/apps/ios/Exerly/Core/Services/SyncEngine.swift:585:95: warning: Statement Position Violation: Else and catch should be on the same line, one space after the previous declaration (statement_position)
/Users/aldo/Desktop/Exerly-Fitness/apps/ios/Exerly/Core/Services/SyncEngine.swift:586:102: warning: Statement Position Violation: Else and catch should be on the same line, one space after the previous declaration (statement_position)
/Users/aldo/Desktop/Exerly-Fitness/apps/ios/Exerly/Core/Services/SyncEngine.swift:587:103: warning: Statement Position Violation: Else and catch should be on the same line, one space after the previous declaration (statement_position)
/Users/aldo/Desktop/Exerly-Fitness/apps/ios/Exerly/Core/Services/SyncEngine.swift:782:94: warning: Statement Position Violation: Else and catch should be on the same line, one space after the previous declaration (statement_position)
/Users/aldo/Desktop/Exerly-Fitness/apps/ios/Exerly/Core/Services/SyncEngine.swift:953:55: warning: Statement Position Violation: Else and catch should be on the same line, one space after the previous declaration (statement_position)
/Users/aldo/Desktop/Exerly-Fitness/apps/ios/Exerly/Core/Services/SyncEngine.swift:1096:84: warning: Statement Position Violation: Else and catch should be on the same line, one space after the previous declaration (statement_position)
/Users/aldo/Desktop/Exerly-Fitness/apps/ios/Exerly/Core/Services/SyncEngine.swift:1097:121: warning: Statement Position Violation: Else and catch should be on the same line, one space after the previous declaration (statement_position)
/Users/aldo/Desktop/Exerly-Fitness/apps/ios/Exerly/Core/Services/SyncEngine.swift:1098:91: warning: Statement Position Violation: Else and catch should be on the same line, one space after the previous declaration (statement_position)
/Users/aldo/Desktop/Exerly-Fitness/apps/ios/Exerly/Core/Services/SyncEngine.swift:1099:67: warning: Statement Position Violation: Else and catch should be on the same line, one space after the previous declaration (statement_position)
/Users/aldo/Desktop/Exerly-Fitness/apps/ios/Exerly/Core/Services/SyncEngine.swift:1100:104: warning: Statement Position Violation: Else and catch should be on the same line, one space after the previous declaration (statement_position)
/Users/aldo/Desktop/Exerly-Fitness/apps/ios/Exerly/Core/Services/SyncEngine.swift:1101:76: warning: Statement Position Violation: Else and catch should be on the same line, one space after the previous declaration (statement_position)
/Users/aldo/Desktop/Exerly-Fitness/apps/ios/Exerly/Core/Services/SyncEngine.swift:1102:82: warning: Statement Position Violation: Else and catch should be on the same line, one space after the previous declaration (statement_position)
/Users/aldo/Desktop/Exerly-Fitness/apps/ios/Exerly/Core/Services/SyncEngine.swift:1103:73: warning: Statement Position Violation: Else and catch should be on the same line, one space after the previous declaration (statement_position)
/Users/aldo/Desktop/Exerly-Fitness/apps/ios/Exerly/Core/Services/SyncEngine.swift:1117:133: warning: Statement Position Violation: Else and catch should be on the same line, one space after the previous declaration (statement_position)
/Users/aldo/Desktop/Exerly-Fitness/apps/ios/Exerly/Core/Services/SyncEngine.swift:1118:125: warning: Statement Position Violation: Else and catch should be on the same line, one space after the previous declaration (statement_position)
/Users/aldo/Desktop/Exerly-Fitness/apps/ios/Exerly/Core/Services/SyncEngine.swift:1119:120: warning: Statement Position Violation: Else and catch should be on the same line, one space after the previous declaration (statement_position)
/Users/aldo/Desktop/Exerly-Fitness/apps/ios/Exerly/Core/Services/SyncEngine.swift:1120:123: warning: Statement Position Violation: Else and catch should be on the same line, one space after the previous declaration (statement_position)
/Users/aldo/Desktop/Exerly-Fitness/apps/ios/Exerly/Core/Services/SyncEngine.swift:1121:129: warning: Statement Position Violation: Else and catch should be on the same line, one space after the previous declaration (statement_position)
/Users/aldo/Desktop/Exerly-Fitness/apps/ios/Exerly/Core/Services/SyncEngine.swift:1122:120: warning: Statement Position Violation: Else and catch should be on the same line, one space after the previous declaration (statement_position)
/Users/aldo/Desktop/Exerly-Fitness/apps/ios/Exerly/Core/Services/SyncEngine.swift:1125:13: warning: Statement Position Violation: Else and catch should be on the same line, one space after the previous declaration (statement_position)
/Users/aldo/Desktop/Exerly-Fitness/apps/ios/Exerly/Core/Services/SyncEngine.swift:1134:214: warning: Statement Position Violation: Else and catch should be on the same line, one space after the previous declaration (statement_position)
/Users/aldo/Desktop/Exerly-Fitness/apps/ios/Exerly/Core/Services/SyncEngine.swift:1144:88: warning: Statement Position Violation: Else and catch should be on the same line, one space after the previous declaration (statement_position)
/Users/aldo/Desktop/Exerly-Fitness/apps/ios/Exerly/Core/Services/SyncEngine.swift:1166:258: warning: Statement Position Violation: Else and catch should be on the same line, one space after the previous declaration (statement_position)
/Users/aldo/Desktop/Exerly-Fitness/apps/ios/Exerly/Core/Services/AccountCalendar.swift:50:79: warning: Statement Position Violation: Else and catch should be on the same line, one space after the previous declaration (statement_position)
/Users/aldo/Desktop/Exerly-Fitness/apps/ios/Exerly/Core/Network/APIClient.swift:189:64: warning: Statement Position Violation: Else and catch should be on the same line, one space after the previous declaration (statement_position)
/Users/aldo/Desktop/Exerly-Fitness/apps/ios/Exerly/Features/CreateFood/CreateFoodView.swift:7:9: warning: Implicit Optional Initialization Violation: Optional should be implicitly initialized without nil (implicit_optional_initialization)
/Users/aldo/Desktop/Exerly-Fitness/apps/ios/Exerly/Features/LogActivity/LogActivityView.swift:65:92: warning: Statement Position Violation: Else and catch should be on the same line, one space after the previous declaration (statement_position)
/Users/aldo/Desktop/Exerly-Fitness/apps/ios/Exerly/Features/LogActivity/LogActivityView.swift:83:85: warning: Statement Position Violation: Else and catch should be on the same line, one space after the previous declaration (statement_position)
/Users/aldo/Desktop/Exerly-Fitness/apps/ios/Exerly/Features/LogSleep/LogSleepView.swift:65:89: warning: Statement Position Violation: Else and catch should be on the same line, one space after the previous declaration (statement_position)
/Users/aldo/Desktop/Exerly-Fitness/apps/ios/Exerly/Features/LogSleep/LogSleepView.swift:81:82: warning: Statement Position Violation: Else and catch should be on the same line, one space after the previous declaration (statement_position)
/Users/aldo/Desktop/Exerly-Fitness/apps/ios/Exerly/Features/Onboarding/OnboardingState.swift:282:47: warning: Statement Position Violation: Else and catch should be on the same line, one space after the previous declaration (statement_position)
/Users/aldo/Desktop/Exerly-Fitness/apps/ios/Exerly/Features/Onboarding/OnboardingState.swift:529:53: warning: Statement Position Violation: Else and catch should be on the same line, one space after the previous declaration (statement_position)
/Users/aldo/Desktop/Exerly-Fitness/apps/ios/Exerly/Features/Onboarding/Steps/Step11Notifications.swift:7:1: warning: Vertical Whitespace Violation: Limit vertical whitespace to a single empty line; currently 2 (vertical_whitespace)
/Users/aldo/Desktop/Exerly-Fitness/apps/ios/Exerly/Core/Services/OpenFoodFactsService.swift:15:9: warning: Implicit Optional Initialization Violation: Optional should be implicitly initialized without nil (implicit_optional_initialization)
/Users/aldo/Desktop/Exerly-Fitness/apps/ios/Exerly/Core/Services/OpenFoodFactsService.swift:17:9: warning: Implicit Optional Initialization Violation: Optional should be implicitly initialized without nil (implicit_optional_initialization)
/Users/aldo/Desktop/Exerly-Fitness/apps/ios/Exerly/Core/Services/OpenFoodFactsService.swift:18:9: warning: Implicit Optional Initialization Violation: Optional should be implicitly initialized without nil (implicit_optional_initialization)
/Users/aldo/Desktop/Exerly-Fitness/apps/ios/Exerly/Core/Services/OpenFoodFactsService.swift:19:9: warning: Implicit Optional Initialization Violation: Optional should be implicitly initialized without nil (implicit_optional_initialization)
/Users/aldo/Desktop/Exerly-Fitness/apps/ios/Exerly/Core/Services/OpenFoodFactsService.swift:20:9: warning: Implicit Optional Initialization Violation: Optional should be implicitly initialized without nil (implicit_optional_initialization)
/Users/aldo/Desktop/Exerly-Fitness/apps/ios/Exerly/Features/Home/HomeView.swift:73:89: warning: Multiple Closures with Trailing Closure Violation: Trailing closure syntax should not be used when passing more than one closure argument (multiple_closures_with_trailing_closure)
/Users/aldo/Desktop/Exerly-Fitness/apps/ios/Exerly/Features/Home/HomeView.swift:726:95: warning: Statement Position Violation: Else and catch should be on the same line, one space after the previous declaration (statement_position)
/Users/aldo/Desktop/Exerly-Fitness/apps/ios/Exerly/Features/Home/HomeView.swift:762:118: warning: Statement Position Violation: Else and catch should be on the same line, one space after the previous declaration (statement_position)
/Users/aldo/Desktop/Exerly-Fitness/apps/ios/Exerly/Features/Home/HomeView.swift:770:135: warning: Statement Position Violation: Else and catch should be on the same line, one space after the previous declaration (statement_position)
/Users/aldo/Desktop/Exerly-Fitness/apps/ios/Exerly/Features/Home/HomeView.swift:794:126: warning: Statement Position Violation: Else and catch should be on the same line, one space after the previous declaration (statement_position)
/Users/aldo/Desktop/Exerly-Fitness/apps/ios/Exerly/Core/Network/APIModels.swift:972:9: warning: Implicit Optional Initialization Violation: Optional should be implicitly initialized without nil (implicit_optional_initialization)
/Users/aldo/Desktop/Exerly-Fitness/apps/ios/Exerly/Core/Network/APIModels.swift:973:9: warning: Implicit Optional Initialization Violation: Optional should be implicitly initialized without nil (implicit_optional_initialization)
/Users/aldo/Desktop/Exerly-Fitness/apps/ios/Exerly/Core/Network/APIModels.swift:974:9: warning: Implicit Optional Initialization Violation: Optional should be implicitly initialized without nil (implicit_optional_initialization)
/Users/aldo/Desktop/Exerly-Fitness/apps/ios/Exerly/Core/Network/APIModels.swift:975:9: warning: Implicit Optional Initialization Violation: Optional should be implicitly initialized without nil (implicit_optional_initialization)
/Users/aldo/Desktop/Exerly-Fitness/apps/ios/Exerly/Core/Network/APIModels.swift:976:9: warning: Implicit Optional Initialization Violation: Optional should be implicitly initialized without nil (implicit_optional_initialization)
/Users/aldo/Desktop/Exerly-Fitness/apps/ios/Exerly/Core/Network/APIModels.swift:977:9: warning: Implicit Optional Initialization Violation: Optional should be implicitly initialized without nil (implicit_optional_initialization)
/Users/aldo/Desktop/Exerly-Fitness/apps/ios/Exerly/Core/Network/APIModels.swift:1218:9: warning: Implicit Optional Initialization Violation: Optional should be implicitly initialized without nil (implicit_optional_initialization)
/Users/aldo/Desktop/Exerly-Fitness/apps/ios/Exerly/Core/Network/APIModels.swift:1228:9: warning: Implicit Optional Initialization Violation: Optional should be implicitly initialized without nil (implicit_optional_initialization)
/Users/aldo/Desktop/Exerly-Fitness/apps/ios/Exerly/Core/Network/APIModels.swift:10:110: warning: Statement Position Violation: Else and catch should be on the same line, one space after the previous declaration (statement_position)
/Users/aldo/Desktop/Exerly-Fitness/apps/ios/Exerly/Core/Network/APIModels.swift:11:109: warning: Statement Position Violation: Else and catch should be on the same line, one space after the previous declaration (statement_position)
