
> exerly-fitness@1.0.0 build:web
> npm run build --prefix apps/web


> exerly-frontend@1.0.0 build
> tsc -b && vite build

vite v6.4.3 building for production...
transforming...
✓ 584 modules transformed.
rendering chunks...
computing gzip size...
dist/index.html                        0.84 kB │ gzip:   0.46 kB
dist/assets/ExerlyLogo-sDfE-JgK.jpg  263.89 kB
dist/assets/index-DrHuD7mb.css        45.50 kB │ gzip:   8.87 kB
dist/assets/MacroBar-CsQqZHZI.js       1.13 kB │ gzip:   0.60 kB
dist/assets/useResource-B8fbi4UX.js    1.61 kB │ gzip:   0.77 kB
dist/assets/ProgramPage-CYKvpYJa.js    7.68 kB │ gzip:   2.59 kB
dist/assets/AICoach-DOHTCwDq.js       17.43 kB │ gzip:   4.90 kB
dist/assets/Admin-Bsc9_LyA.js         21.21 kB │ gzip:   5.72 kB
dist/assets/WeightPage-Byzhiu6t.js    22.02 kB │ gzip:   7.21 kB
dist/assets/Diary-ccoXj61X.js         33.92 kB │ gzip:  10.05 kB
dist/assets/index-7Vvpsy7-.js        676.63 kB │ gzip: 204.19 kB

(!) Some chunks are larger than 500 kB after minification. Consider:
- Using dynamic import() to code-split the application
- Use build.rollupOptions.output.manualChunks to improve chunking: https://rollupjs.org/configuration-options/#output-manualchunks
- Adjust chunk size limit for this warning via build.chunkSizeWarningLimit.
✓ built in 1.67s
