
> exerly-fitness@1.0.0 build:web
> npm run build --prefix apps/web


> exerly-frontend@1.0.0 build
> tsc -b && vite build

vite v6.4.3 building for production...
transforming...
✓ 579 modules transformed.
rendering chunks...
computing gzip size...
dist/index.html                        0.84 kB │ gzip:   0.46 kB
dist/assets/ExerlyLogo-sDfE-JgK.jpg  263.89 kB
dist/assets/index-C-IoMAlw.css        47.91 kB │ gzip:   8.95 kB
dist/assets/MacroBar-Dwg9VhBD.js       1.05 kB │ gzip:   0.54 kB
dist/assets/useResource-4X3LkSMC.js    1.61 kB │ gzip:   0.77 kB
dist/assets/ProgramPage-CBF7rsZP.js    7.68 kB │ gzip:   2.59 kB
dist/assets/AICoach-GvsViI_i.js       17.43 kB │ gzip:   4.90 kB
dist/assets/Admin-COgmtURB.js         21.21 kB │ gzip:   5.72 kB
dist/assets/Diary-4Isg4AnH.js         21.49 kB │ gzip:   6.57 kB
dist/assets/WeightPage-DMdQ_u6X.js    22.02 kB │ gzip:   7.21 kB
dist/assets/index-Dgek8ghY.js        678.82 kB │ gzip: 202.82 kB

(!) Some chunks are larger than 500 kB after minification. Consider:
- Using dynamic import() to code-split the application
- Use build.rollupOptions.output.manualChunks to improve chunking: https://rollupjs.org/configuration-options/#output-manualchunks
- Adjust chunk size limit for this warning via build.chunkSizeWarningLimit.
✓ built in 1.55s
