
> exerly-fitness@1.0.0 test:web
> playwright test --output /tmp/exerly-production-cross-client-v7/browser


Running 20 tests using 1 worker

(node:27962) Warning: The 'NO_COLOR' env is ignored due to the 'FORCE_COLOR' env being set.
(Use `node --trace-warnings ...` to show where the warning was created)
  ✓   1 apps/web/e2e/activity-sleep.spec.ts:5:3 › activity drafts, lost responses, conflicts, deletion and date moves preserve one record (4.4s)
  ✓   2 apps/web/e2e/activity-sleep.spec.ts:5:3 › sleep drafts, lost responses, conflicts, deletion and date moves preserve one record (4.2s)
  ✓   3 apps/web/e2e/activity-sleep.spec.ts:176:1 › native activity and sleep edits return from the browser with the same identities (3.7s)
  ✓   4 apps/web/e2e/diary-status.spec.ts:4:1 › diary status preserves drafts, reviews conflicts and replays a lost acknowledgement once (6.4s)
  ✓   5 apps/web/e2e/log-account-isolation.spec.ts:4:1 › a delayed log acknowledgement stays with its account after signing out (8.3s)
  ✓   6 apps/web/e2e/measurements.spec.ts:4:1 › measurements agree across the diary, reviewed conflicts, retries, undo and export (5.8s)
  ✓   7 apps/web/e2e/modern-sessions.spec.ts:15:1 › malformed refresh responses and storage failures retain the original recovery operation (4.9s)
  ✓   8 apps/web/e2e/modern-sessions.spec.ts:60:1 › browser signup creates one rotating session and opens unfinished setup (1.7s)
  ✓   9 apps/web/e2e/modern-sessions.spec.ts:110:1 › another tab signing in and out invalidates an earlier anonymous login response (6.5s)
  ✓  10 apps/web/e2e/modern-sessions.spec.ts:162:1 › offline sign-out reports that server revocation could not be confirmed (3.8s)
  ✓  11 apps/web/e2e/modern-sessions.spec.ts:176:1 › leaving sign-in cannot apply its delayed response (3.0s)
  ✓  12 apps/web/e2e/modern-sessions.spec.ts:211:1 › a rejected password confirmation preserves the valid signed-in session (4.3s)
  ✓  13 apps/web/e2e/modern-sessions.spec.ts:237:1 › two tabs share one refresh operation and keep the same server session (6.9s)
  ✓  14 apps/web/e2e/modern-sessions.spec.ts:301:1 › a lost refresh response survives reload and preserves an unfinished activity draft (3.5s)
  ✓  15 apps/web/e2e/modern-sessions.spec.ts:345:1 › access rejection retries an unchanged write once after refresh (3.8s)
  ✓  16 apps/web/e2e/modern-sessions.spec.ts:377:1 › sign-out revokes the browser session and remote revocation clears every tab (7.2s)
  ✓  17 apps/web/e2e/modern-sessions.spec.ts:423:1 › credentials are isolated by API and a scoped legacy session upgrades once (2.6s)
  ✓  18 apps/web/e2e/sessions.spec.ts:5:1 › a delayed refresh cannot restore a signed-out account or overwrite the next account (7.3s)
  ✓  19 apps/web/e2e/water.spec.ts:4:1 › water replays a lost acknowledgement after reload and preserves another device and day (7.2s)
  ✓  20 apps/web/e2e/weight.spec.ts:4:1 › weight edits survive a lost response, review competing readings and delete with restore (7.3s)

  20 passed (1.7m)
