
> exerly-fitness@1.0.0 test
> npm test -w apps/api


> backend@1.0.0 test
> cross-env DB_MODE=local node --test tests/*.test.js

✔ manual logs preserve fractional durations, unknown values, naps and the selected date (896.301833ms)
✔ activity additions merge, repeated operations do not duplicate and competing edits require review (1036.611875ms)
✔ activity deletion cannot be resurrected by a stale edit or replay after restoration (519.927167ms)
✔ legacy activity records retain stable identities while adopting revision checks (820.392458ms)
✔ sleep additions merge, repeated operations do not duplicate and competing edits require review (931.513ms)
✔ sleep deletion cannot be resurrected by a stale edit or replay after restoration (635.352916ms)
✔ legacy sleep records retain stable identities while adopting revision checks (314.019959ms)
✔ resetting a day emits activity and sleep deletion markers and preserves other dates (428.416917ms)
✔ an administrator reset sends tombstones to the target account and replays without another deletion (870.112833ms)
✔ signup returns a token and a serialized user (794.09175ms)
✔ signup rejects a password under 8 characters (9.47375ms)
✔ signup rejects a duplicate email (11.004917ms)
✔ login succeeds and rejects a wrong password identically to a missing user (1513.659042ms)
✔ an email in ADMIN_EMAILS is promoted on signup (409.78325ms)
✔ protected routes reject a missing or malformed token (6.759833ms)
✔ refresh issues a new token for a valid session (699.366ms)
✔ change-password requires the current password and then works (2109.195791ms)
✔ repeated failed logins are rate limited (2347.693583ms)
✔ an unexpected server error does not leak internals in production mode (0.296209ms)
✔ security headers are set on every response (2.12375ms)
✔ health reports the driver and a connected database (0.919291ms)
✔ personal barcode overrides win without calling a provider and stay account-scoped (1357.548375ms)
✔ an outage is not cached as a miss; a later successful lookup can recover (525.697ms)
✔ diary completeness is explicit, versioned, replayable and included in sync and export (1538.658292ms)
✔ diary days reject unchecked, invalid and future status changes (396.617958ms)
✔ logging a food remembers it in the library at per-serving values (828.926375ms)
✔ logging the same food again bumps its use count instead of duplicating it (26.137416ms)
✔ saveToLibrary false keeps a one-off out of the library (8.770583ms)
✔ a custom food can be created, favourited, and found by search (23.433ms)
✔ library search does not leak another user foods (549.583042ms)
✔ a recipe reports both totals and per-serving macros (7.972541ms)
✔ a recipe needs at least one ingredient (4.213792ms)
✔ a recipe can be logged as a meal through batch (35.573958ms)
✔ a library food can be deleted (19.191208ms)
✔ search rejects a missing query (4.253667ms)
✔ an unknown route returns a clean 404 (1.625375ms)
✔ an oversized body is rejected rather than buffered (2.224584ms)
✔ batch logging also remembers items in the library (539.888667ms)
✔ batch honours saveToLibrary false (376.81825ms)
✔ a log with no date lands on the user local day, not the UTC day (1474.496375ms)
✔ a log can be backdated to any past day (470.309583ms)
✔ a log cannot be dated in the future (434.253875ms)
✔ a malformed date is rejected rather than silently ignored (453.1935ms)
✔ list endpoints filter by date and by range (761.7195ms)
✔ a range beyond the cap is rejected instead of scanning everything (378.869958ms)
✔ servings multiply the macros that get stored (508.021917ms)
✔ a food entry can be edited and moved to another day (400.629334ms)
✔ one user cannot read or delete another user entries (797.880041ms)
✔ an unparseable id returns 404 rather than a 500 (526.990625ms)
✔ batch logging writes every item to one day (348.25075ms)
✔ water accepts millilitres and still answers in glasses (292.304958ms)
✔ a goal of zero is stored as zero, not discarded (290.749125ms)
✔ reset-today returns what it deleted so a client can undo (303.468583ms)
✔ meal types are accepted in any case and stored canonically (304.082584ms)
✔ measurements preserve units, revisions and deletion across duplicate replay (1476.599167ms)
✔ measurement validation rejects incompatible units, invalid values and unchecked updates (476.310833ms)
✔ concurrent food retries create one entry and one personal library record (1511.30525ms)
✔ SQLite isolates unrelated reads and writes from a transaction that rolls back (554.26975ms)
✔ audit regression: completion initializes the selected program and matching diary targets (887.26725ms)
✔ concurrent completion and lost acknowledgements return one initialized account (602.107791ms)
✔ a storage failure rolls back every setup record and permits a retry (484.901542ms)
✔ drafts enforce ownership and revision and reject stale completion (832.917917ms)
✔ new completion rejects minors and requires explicit physiology or manual targets (909.946ms)
✔ all collected preferences survive completion and a repeat cannot overwrite a program (488.818834ms)
✔ bootstrap repairs legacy target records without replacing a manual program or seeding a fresh measurement (534.358125ms)
✔ legacy repair holds when required facts are missing (363.90775ms)
✔ an early program read cannot replace a legacy goal before account repair (414.154834ms)
✔ preferences preserve setup values and update non-nutrition goals atomically without rewriting accepted targets or weight history (756.944458ms)
✔ lost response replay preserves one revision and does not undo a later edit (715.351167ms)
✔ competing revisions require review and patches preserve unrelated and unknown saved preferences (419.855417ms)
✔ invalid preference fields and values cannot partially change data or initialize a program (520.634292ms)
✔ legacy profile and settings writes validate values, keep aliases aligned and advance the revision (429.26325ms)
✔ preference transactions roll back both profile and goals when the second write fails (388.480417ms)
✔ preference reads and operations belong only to the authenticated account (683.330125ms)
✔ legacy goal changes participate in preference conflict detection and retain nutrition targets (377.920125ms)
✔ weight is stored per day and a second reading replaces the first (746.138833ms)
✔ weight accepts pounds and stores kilograms (669.645166ms)
✔ the trend endpoint smooths the scale and reports a weekly rate (1098.372459ms)
✔ the trend fills gaps rather than dropping days (333.625625ms)
✔ a new user gets a maintain program with no targets yet (317.27175ms)
✔ setting a lose goal normalizes the rate sign and applies targets immediately (328.718667ms)
✔ a rate beyond the safe cap is rejected (299.340125ms)
✔ maintain forces the rate to zero (499.036583ms)
✔ check-in with no history falls back to the formula estimate (293.2805ms)
✔ check-in after eight weeks of logs measures the real expenditure (725.77825ms)
✔ a check-in syncs the goals record so every screen shows the same numbers (302.564416ms)
✔ check-in history records what the numbers were at the time (287.952875ms)
✔ needs_checkin turns off for a week after checking in (293.566583ms)
✔ the summary groups a day by meal and reports what is left (297.387542ms)
✔ the summary can be asked for any past day (283.976541ms)
✔ the range summary averages only the days that were logged (287.19425ms)
✔ export returns the account data and never the password hash (284.845584ms)
✔ an admin cannot remove their own admin access (282.302459ms)
✔ admin routes are closed to normal users (283.051208ms)
✔ the admin user list never includes password hashes (279.535333ms)
✔ modern clients get short access tokens and separately hashed rotating refresh credentials (1484.122833ms)
✔ a refresh acknowledgement can be lost and recovered without another rotation (917.474208ms)
✔ logout revokes access and refresh credentials on the server (678.138666ms)
✔ password changes revoke every device session (1610.51725ms)
✔ a late session from before a password change cannot renew against newer credentials (1449.673125ms)
✔ compatibility refresh rechecks credentials after request authentication (284.754042ms)
✔ device listings and revocation are account-scoped and exclude credentials (842.933292ms)
✔ admin authorization checks current privileges rather than token claims (284.098666ms)
✔ compatibility refresh is bounded per account and read-only session checks create no sessions (654.219125ms)
✔ email-only legacy credentials upgrade once under concurrent replay without storing usable credentials (554.3025ms)
✔ a saved compatibility upgrade cannot revive a revoked session (281.949042ms)
✔ an acknowledgement from the previous server recovers its original session and removes stored credentials (555.510375ms)
✔ food edit revisions, deletion markers and explicit undo survive replay (1428.498625ms)
✔ concurrent offline additions create a contiguous change feed without duplicates (495.320167ms)
✔ historical diary targets stay fixed when current goals change (1361.712417ms)
✔ dates without a recorded target do not inherit the current plan (409.406292ms)
✔ manual target check-in cannot silently replace user selected targets (535.376417ms)
✔ water additions converge across devices, replay once, and reach summary, sync and export (1194.772834ms)
✔ water corrections check revisions and preserve date and nonnegative totals (411.4195ms)
✔ existing unversioned water keeps its record and amount when first synchronized (364.075292ms)
✔ competing manual weigh-ins require review and an old acknowledgement cannot replace the newer reading (969.72825ms)
✔ weight tombstones prevent resurrection, preserve identity on restore and correct the profile and trend (415.80725ms)
✔ imports never replace manual readings and legacy adoption preserves the original identity (305.375875ms)
✔ UPC-A and Apple leading-zero EAN-13 share a GTIN identity (1.065916ms)
✔ UPC-E expands each compression rule before validating its check digit (0.261666ms)
✔ 100 synthetic GTIN fixtures retain leading zeros and detect damaged digits (0.460458ms)
✔ GTIN-14 packaging and arbitrary Code 128 do not become retail UPCs (0.077792ms)
✔ OFF nutrition keeps volume basis, unknown nutrients and sodium units (1.791208ms)
✔ barcode provider misses, outages, throttling and malformed responses stay distinct (58.531833ms)
✔ OFF requests identify the app and use the documented product API (0.547917ms)
✔ an explicit volume serving label stays volume without a density assumption (0.139375ms)
✔ getTodayUTC returns a YYYY-MM-DD string (14.790917ms)
✔ getLast7UTCDates returns 7 ascending days ending today (0.910958ms)
✔ getLast7UTCDates crosses month boundaries correctly (0.090333ms)
✔ weekdayLabel maps dates to UTC weekday labels (0.065166ms)
✔ audit regression: one stale weigh-in plus 28 intake days cannot imply high confidence (5.317916ms)
✔ a snack each day is not a complete intake history (0.660083ms)
✔ sparse but recent measurements cannot reach high confidence (0.222667ms)
✔ trendSeries smooths scale noise toward the real value (2.285417ms)
✔ trendSeries carries the trend across days with no weigh-in (0.090958ms)
✔ trendSeries ignores leading days before the first weigh-in (0.063625ms)
✔ estimateExpenditure recovers a known TDEE from a simulated cut (0.383375ms)
✔ estimateExpenditure recovers a known TDEE from a simulated bulk (0.935584ms)
✔ estimateExpenditure falls back to the formula below the minimum window (0.201292ms)
✔ estimateExpenditure refuses to guess when food logging is patchy (0.249417ms)
✔ estimateExpenditure clamps an absurd result to the formula range (0.155667ms)
✔ mifflinStJeor matches the published formula (0.086208ms)
✔ formulaExpenditure applies the activity multiplier (0.138042ms)
✔ computeTargets puts a cut below expenditure and macros add up (0.164167ms)
✔ computeTargets raises protein on a deficit (0.169292ms)
✔ computeTargets respects the absolute calorie floor (0.082125ms)
✔ computeTargets caps a bulk surplus at 700 kcal (0.055375ms)
✔ computeTargets keeps keto carbs low and macros consistent (0.054459ms)
✔ computeTargets uses lean mass for protein when body fat is known (0.069792ms)
ℹ tests 149
ℹ suites 0
ℹ pass 149
ℹ fail 0
ℹ cancelled 0
ℹ skipped 0
ℹ todo 0
ℹ duration_ms 12032.1645
