✖ a late session from before a password change cannot renew against newer credentials (1202.3ms)
✖ compatibility refresh rechecks credentials after request authentication (272.820958ms)
ℹ tests 2
ℹ suites 0
ℹ pass 0
ℹ fail 2
ℹ cancelled 0
ℹ skipped 0
ℹ todo 0
ℹ duration_ms 1635.338833

✖ failing tests:

test at apps/api/tests/api.sessions.test.js:102:1
✖ a late session from before a password change cannot renew against newer credentials (1202.3ms)
  AssertionError [ERR_ASSERTION]: Expected values to be strictly equal:
  
  200 !== 401
  
      at TestContext.<anonymous> (/Users/aldo/Desktop/Exerly-Fitness/apps/api/tests/api.sessions.test.js:126:10)
      at process.processTicksAndRejections (node:internal/process/task_queues:104:5)
      at async Test.run (node:internal/test_runner/test:1208:7)
      at async startSubtestAfterBootstrap (node:internal/test_runner/harness:385:3) {
    generatedMessage: true,
    code: 'ERR_ASSERTION',
    actual: 200,
    expected: 401,
    operator: 'strictEqual',
    diff: 'simple'
  }

test at apps/api/tests/api.sessions.test.js:153:1
✖ compatibility refresh rechecks credentials after request authentication (272.820958ms)
  AssertionError [ERR_ASSERTION]: Missing expected rejection.
      at async TestContext.<anonymous> (/Users/aldo/Desktop/Exerly-Fitness/apps/api/tests/api.sessions.test.js:167:5)
      at async Test.run (node:internal/test_runner/test:1208:7)
      at async Test.processPendingSubtests (node:internal/test_runner/test:831:7) {
    generatedMessage: false,
    code: 'ERR_ASSERTION',
    actual: undefined,
    operator: 'rejects',
    diff: 'simple'
  }
