
> exerly-fitness@1.0.0 test:mongo
> node scripts/test-mongo.cjs

✔ manual logs preserve fractional durations, unknown values, naps and the selected date (10411.058916ms)
✔ activity additions merge, repeated operations do not duplicate and competing edits require review (1132.7305ms)
✔ activity deletion cannot be resurrected by a stale edit or replay after restoration (2730.705875ms)
✔ legacy activity records retain stable identities while adopting revision checks (859.108666ms)
✔ sleep additions merge, repeated operations do not duplicate and competing edits require review (1040.6265ms)
✔ sleep deletion cannot be resurrected by a stale edit or replay after restoration (724.9285ms)
✔ legacy sleep records retain stable identities while adopting revision checks (504.897125ms)
✔ resetting a day emits activity and sleep deletion markers and preserves other dates (1266.0255ms)
✔ an administrator reset sends tombstones to the target account and replays without another deletion (1205.298792ms)
✔ signup returns a token and a serialized user (10069.917666ms)
✔ signup rejects a password under 8 characters (3.183083ms)
✔ signup rejects a duplicate email (3.874292ms)
✔ login succeeds and rejects a wrong password identically to a missing user (1165.452959ms)
✔ an email in ADMIN_EMAILS is promoted on signup (2507.242333ms)
✔ protected routes reject a missing or malformed token (3.317666ms)
✔ refresh issues a new token for a valid session (665.680792ms)
✔ change-password requires the current password and then works (1643.310667ms)
✔ repeated failed logins are rate limited (2317.121917ms)
✔ an unexpected server error does not leak internals in production mode (0.303167ms)
✔ security headers are set on every response (1.100125ms)
✔ health reports the driver and a connected database (0.762625ms)
✔ personal barcode overrides win without calling a provider and stay account-scoped (10708.237791ms)
✔ an outage is not cached as a miss; a later successful lookup can recover (470.736583ms)
✔ diary completeness is explicit, versioned, replayable and included in sync and export (10925.846583ms)
✔ diary days reject unchecked, invalid and future status changes (385.471084ms)
✔ logging a food remembers it in the library at per-serving values (10198.534125ms)
✔ logging the same food again bumps its use count instead of duplicating it (56.772833ms)
✔ saveToLibrary false keeps a one-off out of the library (38.699458ms)
✔ a custom food can be created, favourited, and found by search (79.505583ms)
✔ library search does not leak another user foods (540.456625ms)
✔ a recipe reports both totals and per-serving macros (20.786833ms)
✔ a recipe needs at least one ingredient (6.690542ms)
✔ a recipe can be logged as a meal through batch (33.098208ms)
✔ a library food can be deleted (33.162042ms)
✔ search rejects a missing query (4.293167ms)
✔ an unknown route returns a clean 404 (3.665542ms)
✔ an oversized body is rejected rather than buffered (2.338958ms)
✔ batch logging also remembers items in the library (359.772958ms)
✔ batch honours saveToLibrary false (2483.865084ms)
✔ a log with no date lands on the user local day, not the UTC day (10583.646041ms)
✔ a log can be backdated to any past day (571.79775ms)
✔ a log cannot be dated in the future (2478.9575ms)
✔ a malformed date is rejected rather than silently ignored (417.309958ms)
✔ list endpoints filter by date and by range (1065.135208ms)
✔ a range beyond the cap is rejected instead of scanning everything (353.951166ms)
✔ servings multiply the macros that get stored (451.667625ms)
✔ a food entry can be edited and moved to another day (433.723542ms)
✔ one user cannot read or delete another user entries (794.415875ms)
✔ an unparseable id returns 404 rather than a 500 (445.578167ms)
✔ batch logging writes every item to one day (717.77925ms)
✔ water accepts millilitres and still answers in glasses (1046.2145ms)
✔ a goal of zero is stored as zero, not discarded (353.747958ms)
✔ reset-today returns what it deleted so a client can undo (402.557208ms)
✔ meal types are accepted in any case and stored canonically (347.177417ms)
✔ measurements preserve units, revisions and deletion across duplicate replay (10921.496583ms)
✔ measurement validation rejects incompatible units, invalid values and unchecked updates (421.642584ms)
✔ concurrent food retries create one entry and one personal library record (11046.7245ms)
✔ SQLite isolates unrelated reads and writes from a transaction that rolls back (338.434ms)
✔ audit regression: completion initializes the selected program and matching diary targets (10218.703084ms)
✔ concurrent completion and lost acknowledgements return one initialized account (678.593084ms)
✔ a storage failure rolls back every setup record and permits a retry (404.302833ms)
✔ drafts enforce ownership and revision and reject stale completion (3484.825958ms)
✔ new completion rejects minors and requires explicit physiology or manual targets (437.451375ms)
✔ all collected preferences survive completion and a repeat cannot overwrite a program (566.642167ms)
✔ bootstrap repairs legacy target records without replacing a manual program or seeding a fresh measurement (510.127417ms)
✔ legacy repair holds when required facts are missing (400.3695ms)
✔ an early program read cannot replace a legacy goal before account repair (450.593625ms)
✔ preferences preserve setup values and update non-nutrition goals atomically without rewriting accepted targets or weight history (5470.374875ms)
✔ lost response replay preserves one revision and does not undo a later edit (603.799709ms)
✔ competing revisions require review and patches preserve unrelated and unknown saved preferences (1057.947625ms)
✔ invalid preference fields and values cannot partially change data or initialize a program (803.520042ms)
✔ legacy profile and settings writes validate values, keep aliases aligned and advance the revision (445.451291ms)
✔ preference transactions roll back both profile and goals when the second write fails (373.557292ms)
✔ preference reads and operations belong only to the authenticated account (714.22275ms)
✔ legacy goal changes participate in preference conflict detection and retain nutrition targets (370.560625ms)
✔ weight is stored per day and a second reading replaces the first (5213.578208ms)
✔ weight accepts pounds and stores kilograms (379.274708ms)
✔ the trend endpoint smooths the scale and reports a weekly rate (3729.868041ms)
✔ the trend fills gaps rather than dropping days (337.228375ms)
✔ a new user gets a maintain program with no targets yet (310.764625ms)
✔ setting a lose goal normalizes the rate sign and applies targets immediately (345.016709ms)
✔ a rate beyond the safe cap is rejected (299.950667ms)
✔ maintain forces the rate to zero (319.777833ms)
✔ check-in with no history falls back to the formula estimate (335.111209ms)
✔ check-in after eight weeks of logs measures the real expenditure (2345.882542ms)
✔ a check-in syncs the goals record so every screen shows the same numbers (361.550208ms)
✔ check-in history records what the numbers were at the time (333.155708ms)
✔ needs_checkin turns off for a week after checking in (335.992375ms)
✔ the summary groups a day by meal and reports what is left (378.421709ms)
✔ the summary can be asked for any past day (308.417083ms)
✔ the range summary averages only the days that were logged (330.39925ms)
✔ export returns the account data and never the password hash (314.666292ms)
✔ an admin cannot remove their own admin access (294.854875ms)
✔ admin routes are closed to normal users (295.521417ms)
✔ the admin user list never includes password hashes (290.1995ms)
✔ modern clients get short access tokens and separately hashed rotating refresh credentials (5533.590375ms)
✔ a refresh acknowledgement can be lost and recovered without another rotation (1272.841333ms)
✔ logout revokes access and refresh credentials on the server (1182.235125ms)
✔ password changes revoke every device session (1531.672791ms)
✔ a late session from before a password change cannot renew against newer credentials (1497.017209ms)
✔ compatibility refresh rechecks credentials after request authentication (307.955208ms)
✔ device listings and revocation are account-scoped and exclude credentials (906.942875ms)
✔ admin authorization checks current privileges rather than token claims (305.345416ms)
✔ compatibility refresh is bounded per account and read-only session checks create no sessions (1310.506125ms)
✔ email-only legacy credentials upgrade once under concurrent replay without storing usable credentials (639.968584ms)
✔ a saved compatibility upgrade cannot revive a revoked session (320.905459ms)
✔ an acknowledgement from the previous server recovers its original session and removes stored credentials (608.1275ms)
✔ food edit revisions, deletion markers and explicit undo survive replay (6000.039291ms)
✔ concurrent offline additions create a contiguous change feed without duplicates (1737.154583ms)
✔ historical diary targets stay fixed when current goals change (3297.349458ms)
✔ dates without a recorded target do not inherit the current plan (967.060125ms)
✔ manual target check-in cannot silently replace user selected targets (972.443792ms)
✔ water additions converge across devices, replay once, and reach summary, sync and export (2671.83375ms)
✔ water corrections check revisions and preserve date and nonnegative totals (363.301208ms)
✔ existing unversioned water keeps its record and amount when first synchronized (350.857875ms)
✔ competing manual weigh-ins require review and an old acknowledgement cannot replace the newer reading (1858.662209ms)
✔ weight tombstones prevent resurrection, preserve identity on restore and correct the profile and trend (433.736875ms)
✔ imports never replace manual readings and legacy adoption preserves the original identity (387.040917ms)
✔ UPC-A and Apple leading-zero EAN-13 share a GTIN identity (1.032042ms)
✔ UPC-E expands each compression rule before validating its check digit (0.296417ms)
✔ 100 synthetic GTIN fixtures retain leading zeros and detect damaged digits (0.430875ms)
✔ GTIN-14 packaging and arbitrary Code 128 do not become retail UPCs (0.078542ms)
✔ OFF nutrition keeps volume basis, unknown nutrients and sodium units (1.142041ms)
✔ barcode provider misses, outages, throttling and malformed responses stay distinct (29.322458ms)
✔ OFF requests identify the app and use the documented product API (0.570583ms)
✔ an explicit volume serving label stays volume without a density assumption (0.138959ms)
✔ getTodayUTC returns a YYYY-MM-DD string (19.745583ms)
✔ getLast7UTCDates returns 7 ascending days ending today (0.899458ms)
✔ getLast7UTCDates crosses month boundaries correctly (0.089291ms)
✔ weekdayLabel maps dates to UTC weekday labels (0.068ms)
✔ audit regression: one stale weigh-in plus 28 intake days cannot imply high confidence (2.020208ms)
✔ a snack each day is not a complete intake history (0.322958ms)
✔ sparse but recent measurements cannot reach high confidence (0.185458ms)
✔ trendSeries smooths scale noise toward the real value (5.062875ms)
✔ trendSeries carries the trend across days with no weigh-in (0.105167ms)
✔ trendSeries ignores leading days before the first weigh-in (0.064166ms)
✔ estimateExpenditure recovers a known TDEE from a simulated cut (0.426917ms)
✔ estimateExpenditure recovers a known TDEE from a simulated bulk (0.908917ms)
✔ estimateExpenditure falls back to the formula below the minimum window (0.287583ms)
✔ estimateExpenditure refuses to guess when food logging is patchy (0.194584ms)
✔ estimateExpenditure clamps an absurd result to the formula range (0.161959ms)
✔ mifflinStJeor matches the published formula (0.1035ms)
✔ formulaExpenditure applies the activity multiplier (0.15175ms)
✔ computeTargets puts a cut below expenditure and macros add up (0.169875ms)
✔ computeTargets raises protein on a deficit (0.062791ms)
✔ computeTargets respects the absolute calorie floor (0.4085ms)
✔ computeTargets caps a bulk surplus at 700 kcal (0.071417ms)
✔ computeTargets keeps keto carbs low and macros consistent (0.087125ms)
✔ computeTargets uses lean mass for protein when body fat is known (0.070834ms)
ℹ tests 149
ℹ suites 0
ℹ pass 149
ℹ fail 0
ℹ cancelled 0
ℹ skipped 0
ℹ todo 0
ℹ duration_ms 29276.690125
