
> exerly-fitness@1.0.0 test:web
> playwright test apps/web/e2e/legacy-session-upgrade.spec.ts apps/web/e2e/modern-sessions.spec.ts apps/web/e2e/sessions.spec.ts --output /tmp/exerly-session-version-browser-v1

[WebServer] (node:45886) Warning: The 'NO_COLOR' env is ignored due to the 'FORCE_COLOR' env being set.
[WebServer] (Use `node --trace-warnings ...` to show where the warning was created)

Running 14 tests using 1 worker

(node:45889) Warning: The 'NO_COLOR' env is ignored due to the 'FORCE_COLOR' env being set.
(Use `node --trace-warnings ...` to show where the warning was created)
  ✓   1 apps/web/e2e/legacy-session-upgrade.spec.ts:7:1 › legacy upgrade replays one persisted operation across response loss, two tabs and reload (2.4s)
  ✓   2 apps/web/e2e/legacy-session-upgrade.spec.ts:68:1 › legacy upgrade waits for durable browser storage before sending a request (1.6s)
  ✓   3 apps/web/e2e/modern-sessions.spec.ts:15:1 › malformed refresh responses and storage failures retain the original recovery operation (4.4s)
  ✓   4 apps/web/e2e/modern-sessions.spec.ts:60:1 › browser signup creates one rotating session and opens unfinished setup (1.7s)
  ✓   5 apps/web/e2e/modern-sessions.spec.ts:110:1 › another tab signing in and out invalidates an earlier anonymous login response (14.7s)
  ✓   6 apps/web/e2e/modern-sessions.spec.ts:162:1 › offline sign-out reports that server revocation could not be confirmed (3.8s)
  ✓   7 apps/web/e2e/modern-sessions.spec.ts:176:1 › leaving sign-in cannot apply its delayed response (3.0s)
  ✓   8 apps/web/e2e/modern-sessions.spec.ts:211:1 › a rejected password confirmation preserves the valid signed-in session (4.2s)
  ✓   9 apps/web/e2e/modern-sessions.spec.ts:237:1 › two tabs share one refresh operation and keep the same server session (7.9s)
  ✓  10 apps/web/e2e/modern-sessions.spec.ts:301:1 › a lost refresh response survives reload and preserves an unfinished activity draft (3.5s)
  ✓  11 apps/web/e2e/modern-sessions.spec.ts:345:1 › access rejection retries an unchanged write once after refresh (3.8s)
  ✓  12 apps/web/e2e/modern-sessions.spec.ts:377:1 › sign-out revokes the browser session and remote revocation clears every tab (7.0s)
  ✓  13 apps/web/e2e/modern-sessions.spec.ts:423:1 › credentials are isolated by API and a scoped legacy session upgrades once (2.6s)
  ✓  14 apps/web/e2e/sessions.spec.ts:5:1 › a delayed refresh cannot restore a signed-out account or overwrite the next account (7.3s)

  14 passed (1.2m)
