
> exerly-fitness@1.0.0 test
> npm test -w apps/api


> backend@1.0.0 test
> cross-env DB_MODE=local node --test tests/*.test.js

✔ manual logs preserve fractional durations, unknown values, naps and the selected date (816.2525ms)
✔ activity additions merge, repeated operations do not duplicate and competing edits require review (1405.947291ms)
✔ activity deletion cannot be resurrected by a stale edit or replay after restoration (655.638167ms)
✔ legacy activity records retain stable identities while adopting revision checks (508.076042ms)
✔ sleep additions merge, repeated operations do not duplicate and competing edits require review (1447.874375ms)
✔ sleep deletion cannot be resurrected by a stale edit or replay after restoration (415.089292ms)
✔ legacy sleep records retain stable identities while adopting revision checks (467.74775ms)
✔ resetting a day emits activity and sleep deletion markers and preserves other dates (421.611334ms)
✔ an administrator reset sends tombstones to the target account and replays without another deletion (1130.8485ms)
✔ signup returns a token and a serialized user (580.315917ms)
✔ signup rejects a password under 8 characters (3.062875ms)
✔ signup rejects a duplicate email (11.541917ms)
✔ login succeeds and rejects a wrong password identically to a missing user (1679.79525ms)
✔ an email in ADMIN_EMAILS is promoted on signup (423.463583ms)
✔ protected routes reject a missing or malformed token (3.292625ms)
✔ refresh issues a new token for a valid session (535.544166ms)
✔ change-password requires the current password and then works (3106.885334ms)
✔ repeated failed logins are rate limited (2537.425709ms)
✔ an unexpected server error does not leak internals in production mode (0.28275ms)
✔ security headers are set on every response (2.621875ms)
✔ health reports the driver and a connected database (0.633125ms)
✔ personal barcode overrides win without calling a provider and stay account-scoped (1115.53025ms)
✔ an outage is not cached as a miss; a later successful lookup can recover (681.717208ms)
✔ diary completeness is explicit, versioned, replayable and included in sync and export (1428.514875ms)
✔ diary days reject unchecked, invalid and future status changes (627.072584ms)
✔ fractional portions retain their original nutrition snapshot through editing, recents and export (887.436833ms)
✔ a revisioned food entry rejects unversioned edits and lists deletion markers by day with pagination (662.709958ms)
✔ entered mass and volume quantities agree with the stored nutrition basis and reject mismatches (651.64475ms)
✔ food totals use the same positive half-up rounding as native pending entries (566.333292ms)
✔ logging a food remembers it in the library at per-serving values (589.671917ms)
✔ logging the same food again bumps its use count instead of duplicating it (23.955292ms)
✔ saveToLibrary false keeps a one-off out of the library (22.4905ms)
✔ a custom food can be created, favourited, and found by search (17.562958ms)
✔ library search does not leak another user foods (462.626459ms)
✔ a recipe reports both totals and per-serving macros (14.330375ms)
✔ a recipe needs at least one ingredient (6.150583ms)
✔ a recipe can be logged as a meal through batch (12.482333ms)
✔ a library food can be deleted (6.610417ms)
✔ search rejects a missing query (3.353875ms)
✔ an unknown route returns a clean 404 (2.087583ms)
✔ an oversized body is rejected rather than buffered (7.032958ms)
✔ batch logging also remembers items in the library (402.297791ms)
✔ batch honours saveToLibrary false (558.112667ms)
✔ a log with no date lands on the user local day, not the UTC day (1220.417833ms)
✔ a log can be backdated to any past day (576.801417ms)
✔ a log cannot be dated in the future (578.999209ms)
✔ a malformed date is rejected rather than silently ignored (524.046542ms)
✔ list endpoints filter by date and by range (583.636917ms)
✔ a range beyond the cap is rejected instead of scanning everything (519.398709ms)
✔ servings multiply the macros that get stored (879.77225ms)
✔ a food entry can be edited and moved to another day (434.597584ms)
✔ one user cannot read or delete another user entries (847.713708ms)
✔ an unparseable id returns 404 rather than a 500 (603.6955ms)
✔ batch logging writes every item to one day (588.735292ms)
✔ water accepts millilitres and still answers in glasses (324.913167ms)
✔ a goal of zero is stored as zero, not discarded (325.575917ms)
✔ reset-today returns what it deleted so a client can undo (299.711833ms)
✔ meal types are accepted in any case and stored canonically (303.590083ms)
✔ measurements preserve units, revisions and deletion across duplicate replay (1097.782292ms)
✔ measurement validation rejects incompatible units, invalid values and unchecked updates (672.286667ms)
✔ concurrent food retries create one entry and one personal library record (1153.570542ms)
✔ SQLite isolates unrelated reads and writes from a transaction that rolls back (480.159541ms)
✔ audit regression: completion initializes the selected program and matching diary targets (896.077ms)
✔ concurrent completion and lost acknowledgements return one initialized account (574.828083ms)
✔ a storage failure rolls back every setup record and permits a retry (620.4395ms)
✔ drafts enforce ownership and revision and reject stale completion (1286.092333ms)
✔ new completion rejects minors and requires explicit physiology or manual targets (510.228042ms)
✔ all collected preferences survive completion and a repeat cannot overwrite a program (392.286833ms)
✔ bootstrap repairs legacy target records without replacing a manual program or seeding a fresh measurement (535.760125ms)
✔ legacy repair holds when required facts are missing (543.290916ms)
✔ an early program read cannot replace a legacy goal before account repair (402.520958ms)
✔ preferences preserve setup values and update non-nutrition goals atomically without rewriting accepted targets or weight history (857.733584ms)
✔ lost response replay preserves one revision and does not undo a later edit (479.857ms)
✔ competing revisions require review and patches preserve unrelated and unknown saved preferences (562.270584ms)
✔ invalid preference fields and values cannot partially change data or initialize a program (940.083958ms)
✔ legacy profile and settings writes validate values, keep aliases aligned and advance the revision (510.661458ms)
✔ preference transactions roll back both profile and goals when the second write fails (529.177833ms)
✔ preference reads and operations belong only to the authenticated account (1118.769917ms)
✔ legacy goal changes participate in preference conflict detection and retain nutrition targets (473.832959ms)
✔ weight is stored per day and a second reading replaces the first (995.37575ms)
✔ weight accepts pounds and stores kilograms (479.215417ms)
✔ the trend endpoint smooths the scale and reports a weekly rate (1564.193083ms)
✔ the trend fills gaps rather than dropping days (548.172042ms)
✔ a new user gets a maintain program with no targets yet (434.435375ms)
✔ setting a lose goal normalizes the rate sign and applies targets immediately (499.351125ms)
✔ a rate beyond the safe cap is rejected (558.519625ms)
✔ maintain forces the rate to zero (462.661208ms)
✔ check-in with no history falls back to the formula estimate (321.778667ms)
✔ check-in after eight weeks of logs measures the real expenditure (714.01075ms)
✔ a check-in syncs the goals record so every screen shows the same numbers (292.393958ms)
✔ check-in history records what the numbers were at the time (291.237959ms)
✔ needs_checkin turns off for a week after checking in (288.032208ms)
✔ the summary groups a day by meal and reports what is left (296.646084ms)
✔ the summary can be asked for any past day (310.575417ms)
✔ the range summary averages only the days that were logged (289.728333ms)
✔ export returns the account data and never the password hash (291.151416ms)
✔ an admin cannot remove their own admin access (285.721208ms)
✔ admin routes are closed to normal users (304.078416ms)
✔ the admin user list never includes password hashes (301.982291ms)
✔ modern clients get short access tokens and separately hashed rotating refresh credentials (1449.267792ms)
✔ a refresh acknowledgement can be lost and recovered without another rotation (1394.249708ms)
✔ logout revokes access and refresh credentials on the server (919.244209ms)
✔ password changes revoke every device session (2096.986209ms)
✔ a late session from before a password change cannot renew against newer credentials (1427.402667ms)
✔ compatibility refresh rechecks credentials after request authentication (290.08575ms)
✔ device listings and revocation are account-scoped and exclude credentials (869.010916ms)
✔ admin authorization checks current privileges rather than token claims (290.460042ms)
✔ compatibility refresh is bounded per account and read-only session checks create no sessions (710.071416ms)
✔ email-only legacy credentials upgrade once under concurrent replay without storing usable credentials (570.137709ms)
✔ a saved compatibility upgrade cannot revive a revoked session (281.098292ms)
✔ an acknowledgement from the previous server recovers its original session and removes stored credentials (566.789292ms)
✔ food edit revisions, deletion markers and explicit undo survive replay (1487.193625ms)
✔ concurrent offline additions create a contiguous change feed without duplicates (923.09075ms)
✔ historical diary targets stay fixed when current goals change (1419.376459ms)
✔ dates without a recorded target do not inherit the current plan (772.836666ms)
✔ manual target check-in cannot silently replace user selected targets (509.612667ms)
✔ water additions converge across devices, replay once, and reach summary, sync and export (1138.10175ms)
✔ water corrections check revisions and preserve date and nonnegative totals (617.933417ms)
✔ existing unversioned water keeps its record and amount when first synchronized (512.036583ms)
✔ competing manual weigh-ins require review and an old acknowledgement cannot replace the newer reading (1199.468334ms)
✔ weight tombstones prevent resurrection, preserve identity on restore and correct the profile and trend (597.290083ms)
✔ imports never replace manual readings and legacy adoption preserves the original identity (331.784084ms)
✔ UPC-A and Apple leading-zero EAN-13 share a GTIN identity (2.372875ms)
✔ UPC-E expands each compression rule before validating its check digit (0.361083ms)
✔ 100 synthetic GTIN fixtures retain leading zeros and detect damaged digits (0.544041ms)
✔ GTIN-14 packaging and arbitrary Code 128 do not become retail UPCs (0.109458ms)
✔ OFF nutrition keeps volume basis, unknown nutrients and sodium units (1.297625ms)
✔ barcode provider misses, outages, throttling and malformed responses stay distinct (32.64225ms)
✔ OFF requests identify the app and use the documented product API (0.559625ms)
✔ an explicit volume serving label stays volume without a density assumption (0.140917ms)
✔ getTodayUTC returns a YYYY-MM-DD string (20.693542ms)
✔ getLast7UTCDates returns 7 ascending days ending today (0.931125ms)
✔ getLast7UTCDates crosses month boundaries correctly (0.095625ms)
✔ weekdayLabel maps dates to UTC weekday labels (0.073ms)
✔ audit regression: one stale weigh-in plus 28 intake days cannot imply high confidence (2.28125ms)
✔ a snack each day is not a complete intake history (0.268833ms)
✔ sparse but recent measurements cannot reach high confidence (0.18425ms)
✔ trendSeries smooths scale noise toward the real value (2.658375ms)
✔ trendSeries carries the trend across days with no weigh-in (0.1085ms)
✔ trendSeries ignores leading days before the first weigh-in (0.065958ms)
✔ estimateExpenditure recovers a known TDEE from a simulated cut (0.384541ms)
✔ estimateExpenditure recovers a known TDEE from a simulated bulk (0.804084ms)
✔ estimateExpenditure falls back to the formula below the minimum window (0.206041ms)
✔ estimateExpenditure refuses to guess when food logging is patchy (0.166875ms)
✔ estimateExpenditure clamps an absurd result to the formula range (0.151417ms)
✔ mifflinStJeor matches the published formula (0.09825ms)
✔ formulaExpenditure applies the activity multiplier (0.130875ms)
✔ computeTargets puts a cut below expenditure and macros add up (0.163ms)
✔ computeTargets raises protein on a deficit (0.058625ms)
✔ computeTargets respects the absolute calorie floor (0.048375ms)
✔ computeTargets caps a bulk surplus at 700 kcal (0.042208ms)
✔ computeTargets keeps keto carbs low and macros consistent (0.046959ms)
✔ computeTargets uses lean mass for protein when body fat is known (0.052125ms)
ℹ tests 153
ℹ suites 0
ℹ pass 153
ℹ fail 0
ℹ cancelled 0
ℹ skipped 0
ℹ todo 0
ℹ duration_ms 13501.740666
