
> exerly-fitness@1.0.0 test:mongo
> node scripts/test-mongo.cjs

✔ manual logs preserve fractional durations, unknown values, naps and the selected date (10363.660041ms)
✔ activity additions merge, repeated operations do not duplicate and competing edits require review (2041.558416ms)
✔ activity deletion cannot be resurrected by a stale edit or replay after restoration (2791.231292ms)
✔ legacy activity records retain stable identities while adopting revision checks (528.9605ms)
✔ sleep additions merge, repeated operations do not duplicate and competing edits require review (1044.895084ms)
✔ sleep deletion cannot be resurrected by a stale edit or replay after restoration (809.74225ms)
✔ legacy sleep records retain stable identities while adopting revision checks (544.510166ms)
✔ resetting a day emits activity and sleep deletion markers and preserves other dates (436.658042ms)
✔ an administrator reset sends tombstones to the target account and replays without another deletion (2143.408708ms)
✔ signup returns a token and a serialized user (10002.329042ms)
✔ signup rejects a password under 8 characters (6.925209ms)
✔ signup rejects a duplicate email (4.624875ms)
✔ login succeeds and rejects a wrong password identically to a missing user (1121.772458ms)
✔ an email in ADMIN_EMAILS is promoted on signup (1196.123542ms)
✔ protected routes reject a missing or malformed token (4.171209ms)
✔ refresh issues a new token for a valid session (2551.464208ms)
✔ change-password requires the current password and then works (1622.972125ms)
✔ repeated failed logins are rate limited (2437.596584ms)
✔ an unexpected server error does not leak internals in production mode (0.362083ms)
✔ security headers are set on every response (1.149125ms)
✔ health reports the driver and a connected database (0.739292ms)
✔ personal barcode overrides win without calling a provider and stay account-scoped (10436.073458ms)
✔ an outage is not cached as a miss; a later successful lookup can recover (451.996958ms)
✔ diary completeness is explicit, versioned, replayable and included in sync and export (10859.557333ms)
✔ diary days reject unchecked, invalid and future status changes (1429.797625ms)
✔ fractional portions retain their original nutrition snapshot through editing, recents and export (10100.72425ms)
✔ a revisioned food entry rejects unversioned edits and lists deletion markers by day with pagination (521.103834ms)
✔ entered mass and volume quantities agree with the stored nutrition basis and reject mismatches (479.532375ms)
✔ food totals use the same positive half-up rounding as native pending entries (1332.020834ms)
✔ logging a food remembers it in the library at per-serving values (10068.586833ms)
✔ logging the same food again bumps its use count instead of duplicating it (40.251292ms)
✔ saveToLibrary false keeps a one-off out of the library (79.526417ms)
✔ a custom food can be created, favourited, and found by search (172.575333ms)
✔ library search does not leak another user foods (377.098208ms)
✔ a recipe reports both totals and per-serving macros (20.212875ms)
✔ a recipe needs at least one ingredient (12.964166ms)
✔ a recipe can be logged as a meal through batch (60.61125ms)
✔ a library food can be deleted (38.507958ms)
✔ search rejects a missing query (5.637958ms)
✔ an unknown route returns a clean 404 (6.239125ms)
✔ an oversized body is rejected rather than buffered (4.075417ms)
✔ batch logging also remembers items in the library (365.462292ms)
✔ batch honours saveToLibrary false (1165.284792ms)
✔ a log with no date lands on the user local day, not the UTC day (10496.0405ms)
✔ a log can be backdated to any past day (447.03375ms)
✔ a log cannot be dated in the future (1352.020958ms)
✔ a malformed date is rejected rather than silently ignored (2349.527167ms)
✔ list endpoints filter by date and by range (653.177875ms)
✔ a range beyond the cap is rejected instead of scanning everything (393.31775ms)
✔ servings multiply the macros that get stored (457.174958ms)
✔ a food entry can be edited and moved to another day (461.1805ms)
✔ one user cannot read or delete another user entries (1128.98675ms)
✔ an unparseable id returns 404 rather than a 500 (397.725125ms)
✔ batch logging writes every item to one day (360.905875ms)
✔ water accepts millilitres and still answers in glasses (463.788209ms)
✔ a goal of zero is stored as zero, not discarded (1601.592958ms)
✔ reset-today returns what it deleted so a client can undo (551.376792ms)
✔ meal types are accepted in any case and stored canonically (332.122958ms)
✔ measurements preserve units, revisions and deletion across duplicate replay (10690.904667ms)
✔ measurement validation rejects incompatible units, invalid values and unchecked updates (456.585417ms)
✔ concurrent food retries create one entry and one personal library record (10894.314417ms)
✔ SQLite isolates unrelated reads and writes from a transaction that rolls back (1397.863542ms)
✔ audit regression: completion initializes the selected program and matching diary targets (6034.0045ms)
✔ concurrent completion and lost acknowledgements return one initialized account (728.052167ms)
✔ a storage failure rolls back every setup record and permits a retry (436.027958ms)
✔ drafts enforce ownership and revision and reject stale completion (800.423166ms)
✔ new completion rejects minors and requires explicit physiology or manual targets (1377.958125ms)
✔ all collected preferences survive completion and a repeat cannot overwrite a program (598.002417ms)
✔ bootstrap repairs legacy target records without replacing a manual program or seeding a fresh measurement (346.498791ms)
✔ legacy repair holds when required facts are missing (350.405375ms)
✔ an early program read cannot replace a legacy goal before account repair (345.353334ms)
✔ preferences preserve setup values and update non-nutrition goals atomically without rewriting accepted targets or weight history (5917.168084ms)
✔ lost response replay preserves one revision and does not undo a later edit (715.470333ms)
✔ competing revisions require review and patches preserve unrelated and unknown saved preferences (435.996792ms)
✔ invalid preference fields and values cannot partially change data or initialize a program (727.196ms)
✔ legacy profile and settings writes validate values, keep aliases aligned and advance the revision (1545.602375ms)
✔ preference transactions roll back both profile and goals when the second write fails (436.136625ms)
✔ preference reads and operations belong only to the authenticated account (738.800333ms)
✔ legacy goal changes participate in preference conflict detection and retain nutrition targets (371.2455ms)
✔ weight is stored per day and a second reading replaces the first (5154.35425ms)
✔ weight accepts pounds and stores kilograms (423.221833ms)
✔ the trend endpoint smooths the scale and reports a weekly rate (3949.718333ms)
✔ the trend fills gaps rather than dropping days (317.199333ms)
✔ a new user gets a maintain program with no targets yet (306.482833ms)
✔ setting a lose goal normalizes the rate sign and applies targets immediately (347.933375ms)
✔ a rate beyond the safe cap is rejected (330.59375ms)
✔ maintain forces the rate to zero (334.29675ms)
✔ check-in with no history falls back to the formula estimate (340.080292ms)
✔ check-in after eight weeks of logs measures the real expenditure (2312.824625ms)
✔ a check-in syncs the goals record so every screen shows the same numbers (349.793041ms)
✔ check-in history records what the numbers were at the time (382.239167ms)
✔ needs_checkin turns off for a week after checking in (368.67125ms)
✔ the summary groups a day by meal and reports what is left (385.182917ms)
✔ the summary can be asked for any past day (311.073875ms)
✔ the range summary averages only the days that were logged (321.799542ms)
✔ export returns the account data and never the password hash (321.9185ms)
✔ an admin cannot remove their own admin access (293.296208ms)
✔ admin routes are closed to normal users (312.692292ms)
✔ the admin user list never includes password hashes (351.62375ms)
✔ modern clients get short access tokens and separately hashed rotating refresh credentials (5320.9895ms)
✔ a refresh acknowledgement can be lost and recovered without another rotation (768.895208ms)
✔ logout revokes access and refresh credentials on the server (1813.534667ms)
✔ password changes revoke every device session (1625.562ms)
✔ a late session from before a password change cannot renew against newer credentials (1527.48975ms)
✔ compatibility refresh rechecks credentials after request authentication (323.946875ms)
✔ device listings and revocation are account-scoped and exclude credentials (901.635667ms)
✔ admin authorization checks current privileges rather than token claims (306.016375ms)
✔ compatibility refresh is bounded per account and read-only session checks create no sessions (1313.267416ms)
✔ email-only legacy credentials upgrade once under concurrent replay without storing usable credentials (675.394125ms)
✔ a saved compatibility upgrade cannot revive a revoked session (340.517959ms)
✔ an acknowledgement from the previous server recovers its original session and removes stored credentials (614.291042ms)
✔ food edit revisions, deletion markers and explicit undo survive replay (5729.14ms)
✔ concurrent offline additions create a contiguous change feed without duplicates (776.758125ms)
✔ historical diary targets stay fixed when current goals change (5491.856334ms)
✔ dates without a recorded target do not inherit the current plan (402.212417ms)
✔ manual target check-in cannot silently replace user selected targets (413.037583ms)
✔ water additions converge across devices, replay once, and reach summary, sync and export (3076.428958ms)
✔ water corrections check revisions and preserve date and nonnegative totals (330.675416ms)
✔ existing unversioned water keeps its record and amount when first synchronized (328.50925ms)
✔ competing manual weigh-ins require review and an old acknowledgement cannot replace the newer reading (2860.300125ms)
✔ weight tombstones prevent resurrection, preserve identity on restore and correct the profile and trend (385.501458ms)
✔ imports never replace manual readings and legacy adoption preserves the original identity (384.817875ms)
✔ UPC-A and Apple leading-zero EAN-13 share a GTIN identity (1.159042ms)
✔ UPC-E expands each compression rule before validating its check digit (0.309541ms)
✔ 100 synthetic GTIN fixtures retain leading zeros and detect damaged digits (1.060833ms)
✔ GTIN-14 packaging and arbitrary Code 128 do not become retail UPCs (0.102375ms)
✔ OFF nutrition keeps volume basis, unknown nutrients and sodium units (1.128083ms)
✔ barcode provider misses, outages, throttling and malformed responses stay distinct (22.504416ms)
✔ OFF requests identify the app and use the documented product API (0.561958ms)
✔ an explicit volume serving label stays volume without a density assumption (0.141ms)
✔ getTodayUTC returns a YYYY-MM-DD string (16.328ms)
✔ getLast7UTCDates returns 7 ascending days ending today (0.947833ms)
✔ getLast7UTCDates crosses month boundaries correctly (0.0955ms)
✔ weekdayLabel maps dates to UTC weekday labels (0.0725ms)
✔ audit regression: one stale weigh-in plus 28 intake days cannot imply high confidence (2.579083ms)
✔ a snack each day is not a complete intake history (0.352167ms)
✔ sparse but recent measurements cannot reach high confidence (0.224ms)
✔ trendSeries smooths scale noise toward the real value (2.174291ms)
✔ trendSeries carries the trend across days with no weigh-in (0.079833ms)
✔ trendSeries ignores leading days before the first weigh-in (0.055167ms)
✔ estimateExpenditure recovers a known TDEE from a simulated cut (0.347042ms)
✔ estimateExpenditure recovers a known TDEE from a simulated bulk (0.685875ms)
✔ estimateExpenditure falls back to the formula below the minimum window (0.214458ms)
✔ estimateExpenditure refuses to guess when food logging is patchy (0.172708ms)
✔ estimateExpenditure clamps an absurd result to the formula range (0.161333ms)
✔ mifflinStJeor matches the published formula (0.1025ms)
✔ formulaExpenditure applies the activity multiplier (0.142083ms)
✔ computeTargets puts a cut below expenditure and macros add up (0.168417ms)
✔ computeTargets raises protein on a deficit (0.063209ms)
✔ computeTargets respects the absolute calorie floor (0.049125ms)
✔ computeTargets caps a bulk surplus at 700 kcal (0.08775ms)
✔ computeTargets keeps keto carbs low and macros consistent (0.082917ms)
✔ computeTargets uses lean mass for protein when body fat is known (0.062958ms)
ℹ tests 153
ℹ suites 0
ℹ pass 153
ℹ fail 0
ℹ cancelled 0
ℹ skipped 0
ℹ todo 0
ℹ duration_ms 30290.60075
