
> exerly-fitness@1.0.0 build:web
> npm run build --prefix apps/web


> exerly-frontend@1.0.0 build
> tsc -b && vite build

vite v6.4.1 building for production...
transforming...
✓ 584 modules transformed.
rendering chunks...
computing gzip size...
dist/index.html                        0.84 kB │ gzip:   0.46 kB
dist/assets/ExerlyLogo-sDfE-JgK.jpg  263.89 kB
dist/assets/index-DMQAKIXj.css        45.34 kB │ gzip:   8.84 kB
dist/assets/MacroBar-DavJJjnb.js       1.13 kB │ gzip:   0.61 kB
dist/assets/useResource-DtP7sQgc.js    1.61 kB │ gzip:   0.78 kB
dist/assets/ProgramPage-DjAvIQzJ.js    7.68 kB │ gzip:   2.59 kB
dist/assets/AICoach-B8lPryT-.js       17.43 kB │ gzip:   4.91 kB
dist/assets/Admin-BNSiAlQ5.js         21.21 kB │ gzip:   5.72 kB
dist/assets/WeightPage-5x3z3uFE.js    22.02 kB │ gzip:   7.21 kB
dist/assets/Diary-BcdFUoZT.js         33.92 kB │ gzip:  10.05 kB
dist/assets/index-CYzoHoZ3.js        713.22 kB │ gzip: 214.87 kB

(!) Some chunks are larger than 500 kB after minification. Consider:
- Using dynamic import() to code-split the application
- Use build.rollupOptions.output.manualChunks to improve chunking: https://rollupjs.org/configuration-options/#output-manualchunks
- Adjust chunk size limit for this warning via build.chunkSizeWarningLimit.
✓ built in 1.63s
