
> exerly-fitness@1.0.0 test:web:offline
> playwright test --config playwright.offline.config.cjs

[WebServer] (node:79892) Warning: The 'NO_COLOR' env is ignored due to the 'FORCE_COLOR' env being set.
[WebServer] (Use `node --trace-warnings ...` to show where the warning was created)
[WebServer] (node:79920) Warning: The 'NO_COLOR' env is ignored due to the 'FORCE_COLOR' env being set.
[WebServer] (Use `node --trace-warnings ...` to show where the warning was created)
[WebServer] 
[WebServer] (!) Some chunks are larger than 500 kB after minification. Consider:
[WebServer] - Using dynamic import() to code-split the application
[WebServer] - Use build.rollupOptions.output.manualChunks to improve chunking: https://rollupjs.org/configuration-options/#output-manualchunks
[WebServer] - Adjust chunk size limit for this warning via build.chunkSizeWarningLimit.

Running 13 tests using 1 worker

(node:80315) Warning: The 'NO_COLOR' env is ignored due to the 'FORCE_COLOR' env being set.
(Use `node --trace-warnings ...` to show where the warning was created)
  ✓   1 apps/web/e2e/offline-startup.spec.ts:15:1 › a saved home summary stays visible offline when its recent log list is empty (2.1s)
  ✓   2 apps/web/e2e/offline-startup.spec.ts:31:1 › a cached diary and pending water addition survive an API outage and browser reload (4.5s)
  ✓   3 apps/web/e2e/offline-startup.spec.ts:69:1 › an expired session opens its saved diary but a confirmed revocation ends offline access (3.7s)
  ✓   4 apps/web/e2e/offline-startup.spec.ts:104:1 › another account cannot open the previous account copy when bootstrap is unavailable (5.1s)
  ✓   5 apps/web/e2e/offline-startup.spec.ts:127:1 › a server outage uses the saved copy but a malformed successful bootstrap remains an error (5.3s)
  ✓   6 apps/web/e2e/offline-startup.spec.ts:161:1 › unavailable browser storage leaves online reads and local pending changes usable (3.5s)
  ✓   7 apps/web/e2e/offline-startup.spec.ts:189:1 › switching dates offline keeps each saved day separate and leaves an uncached day unknown (3.7s)
  ✓   8 apps/web/e2e/offline-startup.spec.ts:224:1 › an unreadable saved diary stays intact and is not displayed as an empty day (3.6s)
  ✓   9 apps/web/e2e/offline-startup.spec.ts:282:1 › returning to the app refreshes an offline copy without changing its pending addition (3.6s)
  ✓  10 apps/web/e2e/offline-startup.spec.ts:310:1 › an accepted timezone change survives an immediate offline reload (3.2s)
  ✓  11 apps/web/offline-e2e/shell.spec.ts:45:1 › the installed app reopens without any network and confirms its pending addition only after reconnecting (5.7s)
  ✘  12 apps/web/offline-e2e/shell.spec.ts:118:1 › an app update waits for every old tab to close and keeps the pending operation (8.8s)
(node:82376) Warning: The 'NO_COLOR' env is ignored due to the 'FORCE_COLOR' env being set.
(Use `node --trace-warnings ...` to show where the warning was created)
  ✓  13 apps/web/offline-e2e/shell.spec.ts:205:1 › food drafts and queued portions survive closed tabs with both servers disconnected (5.1s)


  1) apps/web/offline-e2e/shell.spec.ts:118:1 › an app update waits for every old tab to close and keeps the pending operation 

    Error: Timeout 5000ms exceeded while waiting on the predicate

      183 |           )
      184 |         )
    > 185 |         .toBe('activated');
          |          ^
      186 |     }
      187 |     const updated = await context.newPage();
      188 |     await updated.goto(url);
        at /Users/aldo/Desktop/Exerly-Fitness-pr/apps/web/offline-e2e/shell.spec.ts:185:10

    Error Context: artifacts/web-offline-chromium-tests/offline-e2e-shell-an-app-u-dd09e-keeps-the-pending-operation/error-context.md

    attachment #2: trace (application/zip) ─────────────────────────────────────────────────────────
    artifacts/web-offline-chromium-tests/offline-e2e-shell-an-app-u-dd09e-keeps-the-pending-operation/trace.zip
    Usage:

        npx playwright show-trace artifacts/web-offline-chromium-tests/offline-e2e-shell-an-app-u-dd09e-keeps-the-pending-operation/trace.zip

    ────────────────────────────────────────────────────────────────────────────────────────────────

  1 failed
    apps/web/offline-e2e/shell.spec.ts:118:1 › an app update waits for every old tab to close and keeps the pending operation 
  12 passed (1.3m)
