
> exerly-fitness@1.0.0 build:web
> npm run build --prefix apps/web


> exerly-frontend@1.0.0 build
> tsc -b && vite build

vite v6.4.3 building for production...
transforming...
✓ 581 modules transformed.
rendering chunks...
computing gzip size...
dist/index.html                        1.12 kB │ gzip:   0.56 kB
dist/assets/ExerlyLogo-sDfE-JgK.jpg  263.89 kB
dist/assets/index-BxC_FBkH.css        47.13 kB │ gzip:   8.74 kB
dist/assets/MacroBar-gYreN1dq.js       1.05 kB │ gzip:   0.55 kB
dist/assets/useResource-B5iB6KDV.js    1.56 kB │ gzip:   0.76 kB
dist/assets/ProgramPage-BpLWkbnb.js    7.64 kB │ gzip:   2.57 kB
dist/assets/AICoach-C1bKb0cQ.js       17.43 kB │ gzip:   4.90 kB
dist/assets/Admin-DHDForb3.js         21.21 kB │ gzip:   5.72 kB
dist/assets/Diary-DfyNQ9J1.js         21.45 kB │ gzip:   6.55 kB
dist/assets/WeightPage-zLvezM1a.js    21.96 kB │ gzip:   7.19 kB
dist/assets/index-DdVgcKf1.js        686.41 kB │ gzip: 204.99 kB

(!) Some chunks are larger than 500 kB after minification. Consider:
- Using dynamic import() to code-split the application
- Use build.rollupOptions.output.manualChunks to improve chunking: https://rollupjs.org/configuration-options/#output-manualchunks
- Adjust chunk size limit for this warning via build.chunkSizeWarningLimit.
✓ built in 1.64s
